Component: ARM Compiler 5.06 update 1 (build 61) Tool: armlink [4d35a8]

==============================================================================

Section Cross References

    startup_stm32f10x_hd.o(RESET) refers to startup_stm32f10x_hd.o(STACK) for __initial_sp
    startup_stm32f10x_hd.o(RESET) refers to startup_stm32f10x_hd.o(.text) for Reset_Handler
    startup_stm32f10x_hd.o(RESET) refers to stm32f10x_it.o(i.NMI_Handler) for NMI_Handler
    startup_stm32f10x_hd.o(RESET) refers to stm32f10x_it.o(i.HardFault_Handler) for HardFault_Handler
    startup_stm32f10x_hd.o(RESET) refers to stm32f10x_it.o(i.MemManage_Handler) for MemManage_Handler
    startup_stm32f10x_hd.o(RESET) refers to stm32f10x_it.o(i.BusFault_Handler) for BusFault_Handler
    startup_stm32f10x_hd.o(RESET) refers to stm32f10x_it.o(i.UsageFault_Handler) for UsageFault_Handler
    startup_stm32f10x_hd.o(RESET) refers to stm32f10x_it.o(i.SVC_Handler) for SVC_Handler
    startup_stm32f10x_hd.o(RESET) refers to stm32f10x_it.o(i.DebugMon_Handler) for DebugMon_Handler
    startup_stm32f10x_hd.o(RESET) refers to os_cpu_a.o(.text) for PendSV_Handler
    startup_stm32f10x_hd.o(RESET) refers to delay.o(i.SysTick_Handler) for SysTick_Handler
    startup_stm32f10x_hd.o(RESET) refers to stm32f10x_it.o(i.EXTI0_IRQHandler) for EXTI0_IRQHandler
    startup_stm32f10x_hd.o(RESET) refers to bsp_advancetim.o(i.TIM1_UP_IRQHandler) for TIM1_UP_IRQHandler
    startup_stm32f10x_hd.o(RESET) refers to stm32f10x_it.o(i.USART1_IRQHandler) for USART1_IRQHandler
    startup_stm32f10x_hd.o(RESET) refers to hc_05_drive.o(i.USART2_IRQHandler) for USART2_IRQHandler
    startup_stm32f10x_hd.o(RESET) refers to bsp_advancetim.o(i.TIM8_UP_IRQHandler) for TIM8_UP_IRQHandler
    startup_stm32f10x_hd.o(RESET) refers to tim_dirve.o(i.TIM6_IRQHandler) for TIM6_IRQHandler
    startup_stm32f10x_hd.o(RESET) refers to tim_dirve.o(i.TIM7_IRQHandler) for TIM7_IRQHandler
    startup_stm32f10x_hd.o(.text) refers to system_stm32f10x.o(i.SystemInit) for SystemInit
    startup_stm32f10x_hd.o(.text) refers to entry.o(.ARM.Collect$$$$00000000) for __main
    system_stm32f10x.o(i.SetSysClock) refers to system_stm32f10x.o(i.SetSysClockTo72) for SetSysClockTo72
    system_stm32f10x.o(i.SystemCoreClockUpdate) refers to system_stm32f10x.o(.data) for SystemCoreClock
    system_stm32f10x.o(i.SystemInit) refers to system_stm32f10x.o(i.SetSysClock) for SetSysClock
    stm32f10x_adc.o(i.ADC_DeInit) refers to stm32f10x_rcc.o(i.RCC_APB2PeriphResetCmd) for RCC_APB2PeriphResetCmd
    stm32f10x_bkp.o(i.BKP_DeInit) refers to stm32f10x_rcc.o(i.RCC_BackupResetCmd) for RCC_BackupResetCmd
    stm32f10x_can.o(i.CAN_DeInit) refers to stm32f10x_rcc.o(i.RCC_APB1PeriphResetCmd) for RCC_APB1PeriphResetCmd
    stm32f10x_can.o(i.CAN_GetITStatus) refers to stm32f10x_can.o(i.CheckITStatus) for CheckITStatus
    stm32f10x_cec.o(i.CEC_DeInit) refers to stm32f10x_rcc.o(i.RCC_APB1PeriphResetCmd) for RCC_APB1PeriphResetCmd
    stm32f10x_dac.o(i.DAC_DeInit) refers to stm32f10x_rcc.o(i.RCC_APB1PeriphResetCmd) for RCC_APB1PeriphResetCmd
    stm32f10x_flash.o(i.FLASH_EnableWriteProtection) refers to stm32f10x_flash.o(i.FLASH_WaitForLastOperation) for FLASH_WaitForLastOperation
    stm32f10x_flash.o(i.FLASH_EraseAllBank1Pages) refers to stm32f10x_flash.o(i.FLASH_WaitForLastBank1Operation) for FLASH_WaitForLastBank1Operation
    stm32f10x_flash.o(i.FLASH_EraseAllPages) refers to stm32f10x_flash.o(i.FLASH_WaitForLastOperation) for FLASH_WaitForLastOperation
    stm32f10x_flash.o(i.FLASH_EraseOptionBytes) refers to stm32f10x_flash.o(i.FLASH_GetReadOutProtectionStatus) for FLASH_GetReadOutProtectionStatus
    stm32f10x_flash.o(i.FLASH_EraseOptionBytes) refers to stm32f10x_flash.o(i.FLASH_WaitForLastOperation) for FLASH_WaitForLastOperation
    stm32f10x_flash.o(i.FLASH_ErasePage) refers to stm32f10x_flash.o(i.FLASH_WaitForLastOperation) for FLASH_WaitForLastOperation
    stm32f10x_flash.o(i.FLASH_ProgramHalfWord) refers to stm32f10x_flash.o(i.FLASH_WaitForLastOperation) for FLASH_WaitForLastOperation
    stm32f10x_flash.o(i.FLASH_ProgramOptionByteData) refers to stm32f10x_flash.o(i.FLASH_WaitForLastOperation) for FLASH_WaitForLastOperation
    stm32f10x_flash.o(i.FLASH_ProgramWord) refers to stm32f10x_flash.o(i.FLASH_WaitForLastOperation) for FLASH_WaitForLastOperation
    stm32f10x_flash.o(i.FLASH_ReadOutProtection) refers to stm32f10x_flash.o(i.FLASH_WaitForLastOperation) for FLASH_WaitForLastOperation
    stm32f10x_flash.o(i.FLASH_UserOptionByteConfig) refers to stm32f10x_flash.o(i.FLASH_WaitForLastOperation) for FLASH_WaitForLastOperation
    stm32f10x_flash.o(i.FLASH_WaitForLastBank1Operation) refers to stm32f10x_flash.o(i.FLASH_GetBank1Status) for FLASH_GetBank1Status
    stm32f10x_flash.o(i.FLASH_WaitForLastOperation) refers to stm32f10x_flash.o(i.FLASH_GetBank1Status) for FLASH_GetBank1Status
    stm32f10x_gpio.o(i.GPIO_AFIODeInit) refers to stm32f10x_rcc.o(i.RCC_APB2PeriphResetCmd) for RCC_APB2PeriphResetCmd
[...]
    Removing stm32f10x_wwdg.o(i.WWDG_SetCounter), (16 bytes).
    Removing stm32f10x_wwdg.o(i.WWDG_SetPrescaler), (24 bytes).
    Removing stm32f10x_wwdg.o(i.WWDG_SetWindowValue), (40 bytes).
    Removing main.o(i.Delay), (12 bytes).
    Removing stm32f10x_it.o(.bss), (512 bytes).
    Removing key_drive.o(i.Key1_Read), (84 bytes).
    Removing key_drive.o(.data), (2 bytes).
    Removing exti_dirve.o(i.EXTI_GPIO_Init), (52 bytes).
    Removing exti_dirve.o(i.NVIC_Init_config), (38 bytes).
    Removing buz_dirve.o(i.BUZ_config), (44 bytes).
    Removing systick_dirve.o(i.Delay_ms), (60 bytes).
    Removing systick_dirve.o(i.Delay_us), (54 bytes).
    Removing systick_dirve.o(i.SysTick_Config), (84 bytes).
    Removing tim_dirve.o(i.NVIC_Config), (42 bytes).
    Removing tim_dirve.o(i.TIMx_config), (68 bytes).
    Removing usart_dirve.o(i.BLT_USART_Config), (148 bytes).
    Removing usart_dirve.o(i.NVIC_USART2_CONFIG), (38 bytes).
    Removing usart_dirve.o(i.USART2_CONFIG), (96 bytes).
    Removing usart_dirve.o(i.USART2_GPIO_CONFIG), (76 bytes).
    Removing usart_dirve.o(i.fgetc), (32 bytes).
    Removing dma_drive.o(i.Buffercmp), (36 bytes).
    Removing dma_drive.o(i.DMA_M2M_Config), (100 bytes).
    Removing dma_drive.o(i.Usart_DMA_Config), (96 bytes).
    Removing dma_drive.o(i.Usart_to_DMA_Config), (96 bytes).
    Removing dma_drive.o(.bss), (5128 bytes).
    Removing dma_drive.o(.constdata), (128 bytes).
    Removing hc_05_drive.o(i.Bluetooth_AT_Set), (96 bytes).
    Removing hc_05_drive.o(i.Bluetooth_Drive_Write), (20 bytes).
    Removing hc_05_drive.o(i.Bluetooth_Drive_read), (36 bytes).
    Removing hc_05_drive.o(i.Bluetooth_Init), (44 bytes).
    Removing hc_05_drive.o(i.Bluetooth_USART_Config), (140 bytes).
    Removing hc_05_drive.o(i.Bluetooth_USART_NVIC_Congiguration), (40 bytes).
    Removing hc_05_drive.o(i.Bluetooth_control_GPIO_Config), (60 bytes).
    Removing osp_fifo.o(i.fifo_buffer_empty), (8 bytes).
    Removing osp_fifo.o(i.fifo_buffer_get_size), (30 bytes).
    Removing osp_fifo.o(i.fifo_buffer_init), (12 bytes).
    Removing osp_fifo.o(i.fifo_buffer_pop), (38 bytes).
    Removing ds18b20_drive.o(i.Get_DS18_id), (36 bytes).
    Removing os_core.o(i.OSStatInit), (76 bytes).
    Removing os_core.o(i.OSVersion), (6 bytes).
    Removing os_core.o(i.OS_Dummy), (2 bytes).
    Removing os_core.o(i.OS_EventTaskRdy), (132 bytes).
    Removing os_core.o(i.OS_EventTaskRemove), (42 bytes).
    Removing os_core.o(i.OS_EventTaskWait), (124 bytes).
    Removing os_core.o(i.OS_EventWaitListInit), (28 bytes).
    Removing os_core.o(i.OS_MemCopy), (20 bytes).
    Removing os_core.o(i.OS_StrLen), (20 bytes).
    Removing os_flag.o(i.OSFlagAccept), (252 bytes).
    Removing os_flag.o(i.OSFlagCreate), (100 bytes).
    Removing os_flag.o(i.OSFlagDel), (228 bytes).
    Removing os_flag.o(i.OSFlagNameGet), (84 bytes).
    Removing os_flag.o(i.OSFlagNameSet), (72 bytes).
    Removing os_flag.o(i.OSFlagPend), (596 bytes).
    Removing os_flag.o(i.OSFlagPendGetFlagsRdy), (32 bytes).
    Removing os_flag.o(i.OSFlagPost), (312 bytes).
    Removing os_flag.o(i.OSFlagQuery), (48 bytes).
    Removing os_flag.o(i.OS_FlagBlock), (164 bytes).
    Removing os_flag.o(i.OS_FlagTaskRdy), (92 bytes).
    Removing os_flag.o(i.OS_FlagUnlink), (36 bytes).
    Removing os_mbox.o(i.OSMboxAccept), (38 bytes).
    Removing os_mbox.o(i.OSMboxCreate), (76 bytes).
    Removing os_mbox.o(i.OSMboxDel), (208 bytes).
    Removing os_mbox.o(i.OSMboxPend), (260 bytes).
    Removing os_mbox.o(i.OSMboxPendAbort), (128 bytes).
    Removing os_mbox.o(i.OSMboxPost), (80 bytes).
    Removing os_mbox.o(i.OSMboxPostOpt), (120 bytes).
    Removing os_mbox.o(i.OSMboxQuery), (76 bytes).
    Removing os_mutex.o(i.OSMutexAccept), (144 bytes).
    Removing os_mutex.o(i.OSMutexCreate), (148 bytes).
    Removing os_mutex.o(i.OSMutexDel), (280 bytes).
    Removing os_mutex.o(i.OSMutexPend), (568 bytes).
    Removing os_mutex.o(i.OSMutexPost), (200 bytes).
    Removing os_mutex.o(i.OSMutexQuery), (112 bytes).
    Removing os_mutex.o(i.OSMutex_RdyAtPrio), (132 bytes).
    Removing os_q.o(i.OSQAccept), (88 bytes).
    Removing os_q.o(i.OSQCreate), (152 bytes).
    Removing os_q.o(i.OSQDel), (248 bytes).
    Removing os_q.o(i.OSQFlush), (36 bytes).
    Removing os_q.o(i.OSQPend), (284 bytes).
    Removing os_q.o(i.OSQPendAbort), (128 bytes).
    Removing os_q.o(i.OSQPost), (114 bytes).
    Removing os_q.o(i.OSQPostFront), (116 bytes).
    Removing os_q.o(i.OSQPostOpt), (182 bytes).
    Removing os_q.o(i.OSQQuery), (98 bytes).
    Removing os_sem.o(i.OSSemAccept), (42 bytes).
    Removing os_sem.o(i.OSSemCreate), (76 bytes).
    Removing os_sem.o(i.OSSemDel), (208 bytes).
    Removing os_sem.o(i.OSSemPend), (236 bytes).
    Removing os_sem.o(i.OSSemPendAbort), (128 bytes).
    Removing os_sem.o(i.OSSemPost), (88 bytes).
    Removing os_sem.o(i.OSSemQuery), (76 bytes).
    Removing os_sem.o(i.OSSemSet), (66 bytes).
    Removing os_task.o(i.OSTaskChangePrio), (328 bytes).
    Removing os_task.o(i.OSTaskDel), (340 bytes).
    Removing os_task.o(i.OSTaskDelReq), (108 bytes).
    Removing os_task.o(i.OSTaskNameGet), (128 bytes).
    Removing os_task.o(i.OSTaskQuery), (92 bytes).
    Removing os_task.o(i.OSTaskRegGet), (68 bytes).
    Removing os_task.o(i.OSTaskRegSet), (72 bytes).
    Removing os_task.o(i.OSTaskResume), (172 bytes).
    Removing os_task.o(i.OS_TaskReturn), (24 bytes).
    Removing os_time.o(i.OSTimeDlyResume), (180 bytes).
    Removing os_time.o(i.OSTimeGet), (28 bytes).
    Removing os_time.o(i.OSTimeSet), (28 bytes).
    Removing os_cpu_c.o(i.OSTaskDelHook), (2 bytes).
    Removing os_cpu_c.o(i.OSTaskReturnHook), (2 bytes).
    Removing os_cpu_c.o(.data), (4 bytes).
    Removing sys.o(.emb_text), (6 bytes).
    Removing sys.o(i.INTX_DISABLE), (4 bytes).
    Removing sys.o(i.INTX_ENABLE), (4 bytes).
    Removing sys.o(i.WFI_SET), (4 bytes).
    Removing delay.o(i.delay_ms), (80 bytes).
    Removing delay.o(i.delay_ostimedly), (12 bytes).

558 unused section(s) (total 34880 bytes) removed from the image.

==============================================================================

Image Symbol Table

    Local Symbols

    Symbol Name                              Value     Ov Type        Size  Object(Section)

    ../clib/microlib/division.c              0x00000000   Number         0  uldiv.o ABSOLUTE
    ../clib/microlib/division.c              0x00000000   Number         0  uidiv.o ABSOLUTE
    ../clib/microlib/init/entry.s            0x00000000   Number         0  entry5.o ABSOLUTE
    ../clib/microlib/init/entry.s            0x00000000   Number         0  entry7a.o ABSOLUTE
    ../clib/microlib/init/entry.s            0x00000000   Number         0  entry7b.o ABSOLUTE
    ../clib/microlib/init/entry.s            0x00000000   Number         0  entry8a.o ABSOLUTE
    ../clib/microlib/init/entry.s            0x00000000   Number         0  entry8b.o ABSOLUTE
    ../clib/microlib/init/entry.s            0x00000000   Number         0  entry9a.o ABSOLUTE
    ../clib/microlib/init/entry.s            0x00000000   Number         0  entry9b.o ABSOLUTE
    ../clib/microlib/init/entry.s            0x00000000   Number         0  entry10a.o ABSOLUTE
    ../clib/microlib/init/entry.s            0x00000000   Number         0  entry10b.o ABSOLUTE
    ../clib/microlib/init/entry.s            0x00000000   Number         0  entry.o ABSOLUTE
    ../clib/microlib/init/entry.s            0x00000000   Number         0  entry11a.o ABSOLUTE
    ../clib/microlib/init/entry.s            0x00000000   Number         0  entry11b.o ABSOLUTE
    ../clib/microlib/init/entry.s            0x00000000   Number         0  entry2.o ABSOLUTE
    ../clib/microlib/longlong.c              0x00000000   Number         0  llushr.o ABSOLUTE
    ../clib/microlib/longlong.c              0x00000000   Number         0  llsshr.o ABSOLUTE
    ../clib/microlib/longlong.c              0x00000000   Number         0  llshl.o ABSOLUTE
    ../clib/microlib/printf/printf.c         0x00000000   Number         0  printf5.o ABSOLUTE
    ../clib/microlib/printf/printf.c         0x00000000   Number         0  printf4.o ABSOLUTE
    ../clib/microlib/printf/printf.c         0x00000000   Number         0  printf3.o ABSOLUTE
    ../clib/microlib/printf/printf.c         0x00000000   Number         0  printf2.o ABSOLUTE
    ../clib/microlib/printf/printf.c         0x00000000   Number         0  printf7.o ABSOLUTE
    ../clib/microlib/printf/printf.c         0x00000000   Number         0  printf6.o ABSOLUTE
    ../clib/microlib/printf/printf.c         0x00000000   Number         0  printf0.o ABSOLUTE
    ../clib/microlib/printf/printf.c         0x00000000   Number         0  printfb.o ABSOLUTE
    ../clib/microlib/printf/printf.c         0x00000000   Number         0  printf1.o ABSOLUTE
    ../clib/microlib/printf/printf.c         0x00000000   Number         0  printfa.o ABSOLUTE
    ../clib/microlib/printf/printf.c         0x00000000   Number         0  printf8.o ABSOLUTE
    ../clib/microlib/printf/stubs.s          0x00000000   Number         0  stubs.o ABSOLUTE
    ../clib/microlib/stdio/streams.c         0x00000000   Number         0  stdout.o ABSOLUTE
    ../clib/microlib/string/strcmp.c         0x00000000   Number         0  strcmp.o ABSOLUTE
    ../clib/microlib/stubs.s                 0x00000000   Number         0  iusefp.o ABSOLUTE
    ../fplib/microlib/d2f.c                  0x00000000   Number         0  d2f.o ABSOLUTE
    ../fplib/microlib/f2d.c                  0x00000000   Number         0  f2d.o ABSOLUTE
    ../fplib/microlib/fpadd.c                0x00000000   Number         0  fadd.o ABSOLUTE
    ../fplib/microlib/fpadd.c                0x00000000   Number         0  dadd.o ABSOLUTE
    ../fplib/microlib/fpdiv.c                0x00000000   Number         0  ddiv.o ABSOLUTE
    ../fplib/microlib/fpepilogue.c           0x00000000   Number         0  fepilogue.o ABSOLUTE
    ../fplib/microlib/fpepilogue.c           0x00000000   Number         0  depilogue.o ABSOLUTE
    ../fplib/microlib/fpfix.c                0x00000000   Number         0  dfixul.o ABSOLUTE
    ../fplib/microlib/fpflt.c                0x00000000   Number         0  fflti.o ABSOLUTE
    ../fplib/microlib/fpmul.c                0x00000000   Number         0  dmul.o ABSOLUTE
    ..\Libraries\CMSIS\core_cm3.c            0x00000000   Number         0  core_cm3.o ABSOLUTE
    ..\Libraries\CMSIS\startup\arm\startup_stm32f10x_hd.s 0x00000000   Number         0  startup_stm32f10x_hd.o ABSOLUTE
    ..\Libraries\CMSIS\system_stm32f10x.c    0x00000000   Number         0  system_stm32f10x.o ABSOLUTE
    ..\Libraries\STM32F10x_StdPeriph_Driver\src\misc.c 0x00000000   Number         0  misc.o ABSOLUTE
    ..\Libraries\STM32F10x_StdPeriph_Driver\src\stm32f10x_adc.c 0x00000000   Number         0  stm32f10x_adc.o ABSOLUTE
    ..\Libraries\STM32F10x_StdPeriph_Driver\src\stm32f10x_bkp.c 0x00000000   Number         0  stm32f10x_bkp.o ABSOLUTE
    ..\Libraries\STM32F10x_StdPeriph_Driver\src\stm32f10x_can.c 0x00000000   Number         0  stm32f10x_can.o ABSOLUTE
    ..\Libraries\STM32F10x_StdPeriph_Driver\src\stm32f10x_cec.c 0x00000000   Number         0  stm32f10x_cec.o ABSOLUTE
    ..\Libraries\STM32F10x_StdPeriph_Driver\src\stm32f10x_crc.c 0x00000000   Number         0  stm32f10x_crc.o ABSOLUTE
    ..\Libraries\STM32F10x_StdPeriph_Driver\src\stm32f10x_dac.c 0x00000000   Number         0  stm32f10x_dac.o ABSOLUTE
    ..\Libraries\STM32F10x_StdPeriph_Driver\src\stm32f10x_dbgmcu.c 0x00000000   Number         0  stm32f10x_dbgmcu.o ABSOLUTE
    ..\Libraries\STM32F10x_StdPeriph_Driver\src\stm32f10x_dma.c 0x00000000   Number         0  stm32f10x_dma.o ABSOLUTE
    ..\Libraries\STM32F10x_StdPeriph_Driver\src\stm32f10x_exti.c 0x00000000   Number         0  stm32f10x_exti.o ABSOLUTE
    ..\Libraries\STM32F10x_StdPeriph_Driver\src\stm32f10x_flash.c 0x00000000   Number         0  stm32f10x_flash.o ABSOLUTE
    ..\Libraries\STM32F10x_StdPeriph_Driver\src\stm32f10x_fsmc.c 0x00000000   Number         0  stm32f10x_fsmc.o ABSOLUTE
    ..\Libraries\STM32F10x_StdPeriph_Driver\src\stm32f10x_gpio.c 0x00000000   Number         0  stm32f10x_gpio.o ABSOLUTE
    ..\Libraries\STM32F10x_StdPeriph_Driver\src\stm32f10x_i2c.c 0x00000000   Number         0  stm32f10x_i2c.o ABSOLUTE
    ..\Libraries\STM32F10x_StdPeriph_Driver\src\stm32f10x_iwdg.c 0x00000000   Number         0  stm32f10x_iwdg.o ABSOLUTE
    ..\Libraries\STM32F10x_StdPeriph_Driver\src\stm32f10x_pwr.c 0x00000000   Number         0  stm32f10x_pwr.o ABSOLUTE
    ..\Libraries\STM32F10x_StdPeriph_Driver\src\stm32f10x_rcc.c 0x00000000   Number         0  stm32f10x_rcc.o ABSOLUTE
    ..\Libraries\STM32F10x_StdPeriph_Driver\src\stm32f10x_rtc.c 0x00000000   Number         0  stm32f10x_rtc.o ABSOLUTE
    ..\Libraries\STM32F10x_StdPeriph_Driver\src\stm32f10x_sdio.c 0x00000000   Number         0  stm32f10x_sdio.o ABSOLUTE
    ..\Libraries\STM32F10x_StdPeriph_Driver\src\stm32f10x_spi.c 0x00000000   Number         0  stm32f10x_spi.o ABSOLUTE
    ..\Libraries\STM32F10x_StdPeriph_Driver\src\stm32f10x_tim.c 0x00000000   Number         0  stm32f10x_tim.o ABSOLUTE
    ..\Libraries\STM32F10x_StdPeriph_Driver\src\stm32f10x_usart.c 0x00000000   Number         0  stm32f10x_usart.o ABSOLUTE
    ..\Libraries\STM32F10x_StdPeriph_Driver\src\stm32f10x_wwdg.c 0x00000000   Number         0  stm32f10x_wwdg.o ABSOLUTE
    ..\SYSTEM\delay\delay.c                  0x00000000   Number         0  delay.o ABSOLUTE
    ..\SYSTEM\sys\sys.c                      0x00000000   Number         0  sys.o ABSOLUTE
    ..\UCOSII\CORE\os_core.c                 0x00000000   Number         0  os_core.o ABSOLUTE
    ..\UCOSII\CORE\os_flag.c                 0x00000000   Number         0  os_flag.o ABSOLUTE
    ..\UCOSII\CORE\os_mbox.c                 0x00000000   Number         0  os_mbox.o ABSOLUTE
    ..\UCOSII\CORE\os_mem.c                  0x00000000   Number         0  os_mem.o ABSOLUTE
    ..\UCOSII\CORE\os_mutex.c                0x00000000   Number         0  os_mutex.o ABSOLUTE
    ..\UCOSII\CORE\os_q.c                    0x00000000   Number         0  os_q.o ABSOLUTE
    ..\UCOSII\CORE\os_sem.c                  0x00000000   Number         0  os_sem.o ABSOLUTE
    ..\UCOSII\CORE\os_task.c                 0x00000000   Number         0  os_task.o ABSOLUTE
    ..\UCOSII\CORE\os_time.c                 0x00000000   Number         0  os_time.o ABSOLUTE
    ..\UCOSII\CORE\os_tmr.c                  0x00000000   Number         0  os_tmr.o ABSOLUTE
    ..\UCOSII\PORT\os_cpu_a.asm              0x00000000   Number         0  os_cpu_a.o ABSOLUTE
    ..\UCOSII\PORT\os_cpu_c.c                0x00000000   Number         0  os_cpu_c.o ABSOLUTE
    ..\User\AdvanceTim\bsp_AdvanceTim.c      0x00000000   Number         0  bsp_advancetim.o ABSOLUTE
    ..\User\BUZ_Drive\BUZ_Dirve.c            0x00000000   Number         0  buz_dirve.o ABSOLUTE
    ..\User\DMA_Drive\DMA_Drive.c            0x00000000   Number         0  dma_drive.o ABSOLUTE
    ..\User\DS18B20_Drive\DS18B20_Drive.c    0x00000000   Number         0  ds18b20_drive.o ABSOLUTE
    ..\User\EXTI_Drive\EXTI_Dirve.c          0x00000000   Number         0  exti_dirve.o ABSOLUTE
    ..\User\HC_05_Drive\hc_05_drive.c        0x00000000   Number         0  hc_05_drive.o ABSOLUTE
    ..\User\KEY_Drive\key_drive.c            0x00000000   Number         0  key_drive.o ABSOLUTE
    ..\User\LED_Drive\LED.c                  0x00000000   Number         0  led.o ABSOLUTE
    ..\User\OSP_fifo.c                       0x00000000   Number         0  osp_fifo.o ABSOLUTE
    ..\User\Systick_Dirve\Systick_Dirve.c    0x00000000   Number         0  systick_dirve.o ABSOLUTE
    ..\User\TIM_Dirve\TIM_Dirve.c            0x00000000   Number         0  tim_dirve.o ABSOLUTE
    ..\User\USART_Dirve\USART_Dirve.c        0x00000000   Number         0  usart_dirve.o ABSOLUTE
    ..\User\main.c                           0x00000000   Number         0  main.o ABSOLUTE
    ..\User\stm32f10x_it.c                   0x00000000   Number         0  stm32f10x_it.o ABSOLUTE
    ..\\Libraries\\CMSIS\\core_cm3.c         0x00000000   Number         0  core_cm3.o ABSOLUTE
    ..\\SYSTEM\\sys\\sys.c                   0x00000000   Number         0  sys.o ABSOLUTE
    cdrcmple.s                               0x00000000   Number         0  cdrcmple.o ABSOLUTE
    dc.s                                     0x00000000   Number         0  dc.o ABSOLUTE
    handlers.s                               0x00000000   Number         0  handlers.o ABSOLUTE
    init.s                                   0x00000000   Number         0  init.o ABSOLUTE
    RESET                                    0x08000000   Section      304  startup_stm32f10x_hd.o(RESET)
    .ARM.Collect$$$$00000000                 0x08000130   Section        0  entry.o(.ARM.Collect$$$$00000000)
    .ARM.Collect$$$$00000001                 0x08000130   Section        4  entry2.o(.ARM.Collect$$$$00000001)
    .ARM.Collect$$$$00000004                 0x08000134   Section        4  entry5.o(.ARM.Collect$$$$00000004)
    .ARM.Collect$$$$00000008                 0x08000138   Section        0  entry7b.o(.ARM.Collect$$$$00000008)
    .ARM.Collect$$$$0000000A                 0x08000138   Section        0  entry8b.o(.ARM.Collect$$$$0000000A)
    .ARM.Collect$$$$0000000B                 0x08000138   Section        8  entry9a.o(.ARM.Collect$$$$0000000B)
    .ARM.Collect$$$$0000000D                 0x08000140   Section        0  entry10a.o(.ARM.Collect$$$$0000000D)
    .ARM.Collect$$$$0000000F                 0x08000140   Section        0  entry11a.o(.ARM.Collect$$$$0000000F)
    .ARM.Collect$$$$00002712                 0x08000140   Section        4  entry2.o(.ARM.Collect$$$$00002712)
    __lit__00000000                          0x08000140   Data           4  entry2.o(.ARM.Collect$$$$00002712)
    .text                                    0x08000144   Section       36  startup_stm32f10x_hd.o(.text)
    .text                                    0x08000168   Section      180  os_cpu_a.o(.text)
    .text                                    0x0800021c   Section        0  fadd.o(.text)
    .text                                    0x080002cc   Section        0  dmul.o(.text)
    .text                                    0x080003b0   Section        0  fflti.o(.text)
    .text                                    0x080003c2   Section        0  f2d.o(.text)
    .text                                    0x080003e8   Section        0  d2f.o(.text)
    .text                                    0x08000420   Section        0  uidiv.o(.text)
    .text                                    0x0800044c   Section        0  uldiv.o(.text)
    .text                                    0x080004ae   Section        0  fepilogue.o(.text)
    .text                                    0x080004ae   Section        0  iusefp.o(.text)
    .text                                    0x0800051c   Section        0  depilogue.o(.text)
    .text                                    0x080005d6   Section        0  dadd.o(.text)
    .text                                    0x08000724   Section        0  ddiv.o(.text)
    .text                                    0x08000802   Section        0  dfixul.o(.text)
    .text                                    0x08000834   Section       48  cdrcmple.o(.text)
    .text                                    0x08000864   Section       36  init.o(.text)
    .text                                    0x08000888   Section        0  llshl.o(.text)
    .text                                    0x080008a6   Section        0  llushr.o(.text)
    .text                                    0x080008c6   Section        0  llsshr.o(.text)
    i.ADVANCE_TIM8_Mode_Config               0x080008ec   Section        0  bsp_advancetim.o(i.ADVANCE_TIM8_Mode_Config)
    ADVANCE_TIM8_Mode_Config                 0x080008ed   Thumb Code   128  bsp_advancetim.o(i.ADVANCE_TIM8_Mode_Config)
    i.ADVANCE_TIM_GPIO_Config                0x08000970   Section        0  bsp_advancetim.o(i.ADVANCE_TIM_GPIO_Config)
    ADVANCE_TIM_GPIO_Config                  0x08000971   Thumb Code    74  bsp_advancetim.o(i.ADVANCE_TIM_GPIO_Config)
    i.ADVANCE_TIM_Init                       0x080009c4   Section        0  bsp_advancetim.o(i.ADVANCE_TIM_Init)
    i.ADVANCE_TIM_Mode_Config                0x080009e0   Section        0  bsp_advancetim.o(i.ADVANCE_TIM_Mode_Config)
    ADVANCE_TIM_Mode_Config                  0x080009e1   Thumb Code   128  bsp_advancetim.o(i.ADVANCE_TIM_Mode_Config)
    i.BusFault_Handler                       0x08000a64   Section        0  stm32f10x_it.o(i.BusFault_Handler)
    i.DS18B20_GPIO_input                     0x08000a68   Section        0  ds18b20_drive.o(i.DS18B20_GPIO_input)
    i.DS18B20_GPIO_output                    0x08000a94   Section        0  ds18b20_drive.o(i.DS18B20_GPIO_output)
    i.DS18_Init                              0x08000ac0   Section        0  ds18b20_drive.o(i.DS18_Init)
    i.DS18_pre                               0x08000af0   Section        0  ds18b20_drive.o(i.DS18_pre)
    i.DS18_read_Byte                         0x08000b48   Section        0  ds18b20_drive.o(i.DS18_read_Byte)
    i.DS18_write_Byte                        0x08000b70   Section        0  ds18b20_drive.o(i.DS18_write_Byte)
    i.DS_read_bit                            0x08000bd0   Section        0  ds18b20_drive.o(i.DS_read_bit)
    i.DS_read_int_temperture                 0x08000c08   Section        0  ds18b20_drive.o(i.DS_read_int_temperture)
    i.DebugMon_Handler                       0x08000c8c   Section        0  stm32f10x_it.o(i.DebugMon_Handler)
    i.EXTI0_IRQHandler                       0x08000c90   Section        0  stm32f10x_it.o(i.EXTI0_IRQHandler)
    i.EXTI_ClearITPendingBit                 0x08000cb4   Section        0  stm32f10x_exti.o(i.EXTI_ClearITPendingBit)
    i.EXTI_GetITStatus                       0x08000cc0   Section        0  stm32f10x_exti.o(i.EXTI_GetITStatus)
    i.GPIO_Init                              0x08000ce8   Section        0  stm32f10x_gpio.o(i.GPIO_Init)
    i.GPIO_ReadInputDataBit                  0x08000dfe   Section        0  stm32f10x_gpio.o(i.GPIO_ReadInputDataBit)
    i.GPIO_ResetBits                         0x08000e10   Section        0  stm32f10x_gpio.o(i.GPIO_ResetBits)
    i.GPIO_SetBits                           0x08000e14   Section        0  stm32f10x_gpio.o(i.GPIO_SetBits)
    i.GPIO_config                            0x08000e18   Section        0  usart_dirve.o(i.GPIO_config)
    i.HardFault_Handler                      0x08000e64   Section        0  stm32f10x_it.o(i.HardFault_Handler)
    i.Key1_Init                              0x08000e68   Section        0  key_drive.o(i.Key1_Init)
    i.Key2_Init                              0x08000e8c   Section        0  key_drive.o(i.Key2_Init)
    i.LED_G_Config                           0x08000eb4   Section        0  led.o(i.LED_G_Config)
    i.LED_R_Config                           0x08000ee0   Section        0  led.o(i.LED_R_Config)
    i.MOTO_Drive_GPIO_Config                 0x08000f0c   Section        0  bsp_advancetim.o(i.MOTO_Drive_GPIO_Config)
    MOTO_Drive_GPIO_Config                   0x08000f0d   Thumb Code    74  bsp_advancetim.o(i.MOTO_Drive_GPIO_Config)
    i.MemManage_Handler                      0x08000f5c   Section        0  stm32f10x_it.o(i.MemManage_Handler)
    i.Moto1_rotate_angle                     0x08000f60   Section        0  bsp_advancetim.o(i.Moto1_rotate_angle)
    i.Moto2_rotate_angle                     0x08000f88   Section        0  bsp_advancetim.o(i.Moto2_rotate_angle)
    i.Moto_pwm2_nvic_config                  0x08000fb0   Section        0  bsp_advancetim.o(i.Moto_pwm2_nvic_config)
    Moto_pwm2_nvic_config                    0x08000fb1   Thumb Code    40  bsp_advancetim.o(i.Moto_pwm2_nvic_config)
    i.Moto_pwm_nvic_config                   0x08000fd8   Section        0  bsp_advancetim.o(i.Moto_pwm_nvic_config)
    Moto_pwm_nvic_config                     0x08000fd9   Thumb Code    40  bsp_advancetim.o(i.Moto_pwm_nvic_config)
    i.Motor_switch                           0x08001000   Section        0  bsp_advancetim.o(i.Motor_switch)
    i.Motor_tim8_config                      0x08001060   Section        0  bsp_advancetim.o(i.Motor_tim8_config)
    i.Motor_tim_config                       0x0800109c   Section        0  bsp_advancetim.o(i.Motor_tim_config)
    i.NMI_Handler                            0x080010d8   Section        0  stm32f10x_it.o(i.NMI_Handler)
    i.NVIC_Init                              0x080010dc   Section        0  misc.o(i.NVIC_Init)
    i.NVIC_PriorityGroupConfig               0x0800114c   Section        0  misc.o(i.NVIC_PriorityGroupConfig)
    i.NVIC_USART_Config                      0x08001160   Section        0  usart_dirve.o(i.NVIC_USART_Config)
    i.OSInit                                 0x08001188   Section        0  os_core.o(i.OSInit)
    i.OSInitHookBegin                        0x080011b4   Section        0  os_cpu_c.o(i.OSInitHookBegin)
    i.OSInitHookEnd                          0x080011b6   Section        0  os_cpu_c.o(i.OSInitHookEnd)
    i.OSIntEnter                             0x080011b8   Section        0  os_core.o(i.OSIntEnter)
    i.OSIntExit                              0x080011dc   Section        0  os_core.o(i.OSIntExit)
    i.OSSchedLock                            0x0800126c   Section        0  os_core.o(i.OSSchedLock)
    i.OSSchedUnlock                          0x080012ac   Section        0  os_core.o(i.OSSchedUnlock)
    i.OSStart                                0x0800130c   Section        0  os_core.o(i.OSStart)
    i.OSTCBInitHook                          0x08001354   Section        0  os_cpu_c.o(i.OSTCBInitHook)
    i.OSTaskCreate                           0x08001358   Section        0  os_task.o(i.OSTaskCreate)
    i.OSTaskCreateExt                        0x080013f8   Section        0  os_task.o(i.OSTaskCreateExt)
    i.OSTaskCreateHook                       0x080014b0   Section        0  os_cpu_c.o(i.OSTaskCreateHook)
    i.OSTaskIdleHook                         0x080014b2   Section        0  os_cpu_c.o(i.OSTaskIdleHook)
    i.OSTaskNameSet                          0x080014b4   Section        0  os_task.o(i.OSTaskNameSet)
    i.OSTaskStatHook                         0x08001524   Section        0  os_cpu_c.o(i.OSTaskStatHook)
    i.OSTaskStkChk                           0x08001528   Section        0  os_task.o(i.OSTaskStkChk)
    i.OSTaskStkInit                          0x080015b4   Section        0  os_cpu_c.o(i.OSTaskStkInit)
    i.OSTaskSuspend                          0x08001650   Section        0  os_task.o(i.OSTaskSuspend)
    i.OSTaskSwHook                           0x080016f8   Section        0  os_cpu_c.o(i.OSTaskSwHook)
    i.OSTimeDly                              0x080016fc   Section        0  os_time.o(i.OSTimeDly)
    i.OSTimeDlyHMSM                          0x08001774   Section        0  os_time.o(i.OSTimeDlyHMSM)
    i.OSTimeTick                             0x080017d4   Section        0  os_core.o(i.OSTimeTick)
    i.OSTimeTickHook                         0x080018c0   Section        0  os_cpu_c.o(i.OSTimeTickHook)
    i.OS_FlagInit                            0x080018c4   Section        0  os_flag.o(i.OS_FlagInit)
    i.OS_InitEventList                       0x0800191c   Section        0  os_core.o(i.OS_InitEventList)
    OS_InitEventList                         0x0800191d   Thumb Code    74  os_core.o(i.OS_InitEventList)
    i.OS_InitMisc                            0x08001970   Section        0  os_core.o(i.OS_InitMisc)
    OS_InitMisc                              0x08001971   Thumb Code    44  os_core.o(i.OS_InitMisc)
    i.OS_InitRdyList                         0x080019c4   Section        0  os_core.o(i.OS_InitRdyList)
    OS_InitRdyList                           0x080019c5   Thumb Code    44  os_core.o(i.OS_InitRdyList)
    i.OS_InitTCBList                         0x08001a08   Section        0  os_core.o(i.OS_InitTCBList)
    OS_InitTCBList                           0x08001a09   Thumb Code   106  os_core.o(i.OS_InitTCBList)
    i.OS_InitTaskIdle                        0x08001a88   Section        0  os_core.o(i.OS_InitTaskIdle)
    OS_InitTaskIdle                          0x08001a89   Thumb Code    50  os_core.o(i.OS_InitTaskIdle)
    i.OS_InitTaskStat                        0x08001ad8   Section        0  os_core.o(i.OS_InitTaskStat)
    OS_InitTaskStat                          0x08001ad9   Thumb Code    50  os_core.o(i.OS_InitTaskStat)
    i.OS_MemClr                              0x08001b28   Section        0  os_core.o(i.OS_MemClr)
    i.OS_QInit                               0x08001b3c   Section        0  os_q.o(i.OS_QInit)
    i.OS_Sched                               0x08001b8c   Section        0  os_core.o(i.OS_Sched)
    i.OS_SchedNew                            0x08001c00   Section        0  os_core.o(i.OS_SchedNew)
    OS_SchedNew                              0x08001c01   Thumb Code    26  os_core.o(i.OS_SchedNew)
    i.OS_TCBInit                             0x08001c2c   Section        0  os_core.o(i.OS_TCBInit)
    i.OS_TaskIdle                            0x08001d60   Section        0  os_core.o(i.OS_TaskIdle)
    i.OS_TaskStat                            0x08001d88   Section        0  os_core.o(i.OS_TaskStat)
    i.OS_TaskStatStkChk                      0x08001e10   Section        0  os_core.o(i.OS_TaskStatStkChk)
    i.OS_TaskStkClr                          0x08001e4c   Section        0  os_task.o(i.OS_TaskStkClr)
    i.PWM_TUGO                               0x08001e68   Section        0  bsp_advancetim.o(i.PWM_TUGO)
    i.RCC_APB2PeriphClockCmd                 0x08001ee0   Section        0  stm32f10x_rcc.o(i.RCC_APB2PeriphClockCmd)
    i.RCC_GetClocksFreq                      0x08001f00   Section        0  stm32f10x_rcc.o(i.RCC_GetClocksFreq)
    i.SVC_Handler                            0x08001fd4   Section        0  stm32f10x_it.o(i.SVC_Handler)
    i.SetSysClock                            0x08001fd6   Section        0  system_stm32f10x.o(i.SetSysClock)
    SetSysClock                              0x08001fd7   Thumb Code     8  system_stm32f10x.o(i.SetSysClock)
    i.SetSysClockTo72                        0x08001fe0   Section        0  system_stm32f10x.o(i.SetSysClockTo72)
    SetSysClockTo72                          0x08001fe1   Thumb Code   214  system_stm32f10x.o(i.SetSysClockTo72)
    i.SysTick_CLKSourceConfig                0x080020c0   Section        0  misc.o(i.SysTick_CLKSourceConfig)
    i.SysTick_Handler                        0x080020e8   Section        0  delay.o(i.SysTick_Handler)
    i.SystemInit                             0x08002104   Section        0  system_stm32f10x.o(i.SystemInit)
    i.TIM1_UP_IRQHandler                     0x08002164   Section        0  bsp_advancetim.o(i.TIM1_UP_IRQHandler)
    i.TIM6_IRQHandler                        0x08002188   Section        0  tim_dirve.o(i.TIM6_IRQHandler)
    i.TIM7_IRQHandler                        0x080021b0   Section        0  tim_dirve.o(i.TIM7_IRQHandler)
    i.TIM8_UP_IRQHandler                     0x080021d8   Section        0  bsp_advancetim.o(i.TIM8_UP_IRQHandler)
    i.TIM_ClearITPendingBit                  0x080021fc   Section        0  stm32f10x_tim.o(i.TIM_ClearITPendingBit)
    i.TIM_Cmd                                0x08002202   Section        0  stm32f10x_tim.o(i.TIM_Cmd)
    i.TIM_CtrlPWMOutputs                     0x0800221a   Section        0  stm32f10x_tim.o(i.TIM_CtrlPWMOutputs)
    i.TIM_GetFlagStatus                      0x08002238   Section        0  stm32f10x_tim.o(i.TIM_GetFlagStatus)
    i.TIM_GetITStatus                        0x0800224a   Section        0  stm32f10x_tim.o(i.TIM_GetITStatus)
    i.TIM_ITConfig                           0x0800226c   Section        0  stm32f10x_tim.o(i.TIM_ITConfig)
    i.TIM_OC1Init                            0x08002280   Section        0  stm32f10x_tim.o(i.TIM_OC1Init)
    i.TIM_OC1PreloadConfig                   0x08002318   Section        0  stm32f10x_tim.o(i.TIM_OC1PreloadConfig)
    i.TIM_TimeBaseInit                       0x0800232c   Section        0  stm32f10x_tim.o(i.TIM_TimeBaseInit)
    i.USART1_IRQHandler                      0x080023d0   Section        0  stm32f10x_it.o(i.USART1_IRQHandler)
    i.USART2_IRQHandler                      0x08002400   Section        0  hc_05_drive.o(i.USART2_IRQHandler)
    i.USART_Cmd                              0x0800242c   Section        0  stm32f10x_usart.o(i.USART_Cmd)
    i.USART_Config                           0x08002444   Section        0  usart_dirve.o(i.USART_Config)
    i.USART_GetFlagStatus                    0x08002490   Section        0  stm32f10x_usart.o(i.USART_GetFlagStatus)
    i.USART_GetITStatus                      0x080024aa   Section        0  stm32f10x_usart.o(i.USART_GetITStatus)
    i.USART_ITConfig                         0x080024fe   Section        0  stm32f10x_usart.o(i.USART_ITConfig)
    i.USART_Init                             0x08002548   Section        0  stm32f10x_usart.o(i.USART_Init)
    i.USART_ReceiveData                      0x08002620   Section        0  stm32f10x_usart.o(i.USART_ReceiveData)
    i.USART_SendData                         0x0800262a   Section        0  stm32f10x_usart.o(i.USART_SendData)
    i.USART_Sendbyt                          0x08002632   Section        0  usart_dirve.o(i.USART_Sendbyt)
    i.UsageFault_Handler                     0x08002650   Section        0  stm32f10x_it.o(i.UsageFault_Handler)
    i.Usart_SendStr                          0x08002654   Section        0  usart_dirve.o(i.Usart_SendStr)
    i._MOTOR_TASK                            0x0800267c   Section        0  main.o(i._MOTOR_TASK)
    i._UCOS_LED_G_TASK                       0x08002694   Section        0  main.o(i._UCOS_LED_G_TASK)
    i._UCOS_START_TASK                       0x080026c4   Section        0  main.o(i._UCOS_START_TASK)
    i._UCOS_USART_TASK                       0x08002730   Section        0  main.o(i._UCOS_USART_TASK)
    i._UCOS_temperture_TASK                  0x08002778   Section        0  main.o(i._UCOS_temperture_TASK)
    i.__0printf                              0x08002794   Section        0  printfa.o(i.__0printf)
    i.__scatterload_copy                     0x080027b4   Section       14  handlers.o(i.__scatterload_copy)
    i.__scatterload_null                     0x080027c2   Section        2  handlers.o(i.__scatterload_null)
    i.__scatterload_zeroinit                 0x080027c4   Section       14  handlers.o(i.__scatterload_zeroinit)
    i._fp_digits                             0x080027d4   Section        0  printfa.o(i._fp_digits)
    _fp_digits                               0x080027d5   Thumb Code   334  printfa.o(i._fp_digits)
    i._printf_core                           0x08002938   Section        0  printfa.o(i._printf_core)
    _printf_core                             0x08002939   Thumb Code  1744  printfa.o(i._printf_core)
    i._printf_post_padding                   0x08003014   Section        0  printfa.o(i._printf_post_padding)
    _printf_post_padding                     0x08003015   Thumb Code    36  printfa.o(i._printf_post_padding)
    i._printf_pre_padding                    0x08003038   Section        0  printfa.o(i._printf_pre_padding)
    _printf_pre_padding                      0x08003039   Thumb Code    46  printfa.o(i._printf_pre_padding)
    i.delay_init                             0x08003068   Section        0  delay.o(i.delay_init)
    i.delay_osschedlock                      0x080030c4   Section        0  delay.o(i.delay_osschedlock)
    i.delay_osschedunlock                    0x080030cc   Section        0  delay.o(i.delay_osschedunlock)
    i.delay_us                               0x080030d4   Section        0  delay.o(i.delay_us)
    i.fifo_buffer_push                       0x08003130   Section        0  osp_fifo.o(i.fifo_buffer_push)
    i.fifo_buffer_shift                      0x08003168   Section        0  osp_fifo.o(i.fifo_buffer_shift)
    i.fputc                                  0x0800317c   Section        0  usart_dirve.o(i.fputc)
    i.global_drive_init                      0x080031a0   Section        0  main.o(i.global_drive_init)
    i.main                                   0x080031bc   Section        0  main.o(i.main)
    .constdata                               0x080031e8   Section      256  os_core.o(.constdata)
    .data                                    0x20000000   Section       20  system_stm32f10x.o(.data)
    .data                                    0x20000014   Section       20  stm32f10x_rcc.o(.data)
    APBAHBPrescTable                         0x20000014   Data          16  stm32f10x_rcc.o(.data)
    ADCPrescTable                            0x20000024   Data           4  stm32f10x_rcc.o(.data)
    .data                                    0x20000028   Section        8  main.o(.data)
    .data                                    0x20000030   Section        4  stm32f10x_it.o(.data)
    .data                                    0x20000034   Section        4  bsp_advancetim.o(.data)
    dat                                      0x20000034   Data           1  bsp_advancetim.o(.data)
    temp                                     0x20000035   Data           1  bsp_advancetim.o(.data)
    dat                                      0x20000036   Data           1  bsp_advancetim.o(.data)
    temp                                     0x20000037   Data           1  bsp_advancetim.o(.data)
    .data                                    0x20000038   Section       72  os_core.o(.data)
    .data                                    0x20000080   Section        4  delay.o(.data)
    fac_us                                   0x20000080   Data           1  delay.o(.data)
    fac_ms                                   0x20000082   Data           2  delay.o(.data)
    .data                                    0x20000084   Section        4  stdout.o(.data)
    .bss                                     0x20000088   Section     2660  main.o(.bss)
    .bss                                     0x20000aec   Section      528  hc_05_drive.o(.bss)
    .bss                                     0x20000cfc   Section     2688  os_core.o(.bss)
    STACK                                    0x20001780   Section     1024  startup_stm32f10x_hd.o(STACK)

    Global Symbols

    Symbol Name                              Value     Ov Type        Size  Object(Section)

    BuildAttributes$$THM_ISAv4$P$D$K$B$S$PE$A:L22UL41UL21$X:L11$S22US41US21$IEEE1$IW$USESV6$~STKCKD$USESV7$~SHL$OTIME$ROPI$EBA8$MICROLIB$REQ8$PRES8$EABIv2 0x00000000   Number         0  anon$$obj.o ABSOLUTE
    __ARM_use_no_argv                        0x00000000   Number         0  main.o ABSOLUTE
    _printf_a                                0x00000000   Number         0  stubs.o ABSOLUTE
    _printf_c                                0x00000000   Number         0  stubs.o ABSOLUTE
    _printf_charcount                        0x00000000   Number         0  stubs.o ABSOLUTE
    _printf_d                                0x00000000   Number         0  stubs.o ABSOLUTE
    _printf_e                                0x00000000   Number         0  stubs.o ABSOLUTE
    _printf_f                                0x00000000   Number         0  stubs.o ABSOLUTE
    _printf_flags                            0x00000000   Number         0  stubs.o ABSOLUTE
    _printf_fp_dec                           0x00000000   Number         0  stubs.o ABSOLUTE
    _printf_fp_hex                           0x00000000   Number         0  stubs.o ABSOLUTE
    _printf_g                                0x00000000   Number         0  stubs.o ABSOLUTE
    _printf_i                                0x00000000   Number         0  stubs.o ABSOLUTE
    _printf_int_dec                          0x00000000   Number         0  stubs.o ABSOLUTE
    _printf_l                                0x00000000   Number         0  stubs.o ABSOLUTE
    _printf_lc                               0x00000000   Number         0  stubs.o ABSOLUTE
    _printf_ll                               0x00000000   Number         0  stubs.o ABSOLUTE
    _printf_lld                              0x00000000   Number         0  stubs.o ABSOLUTE
    _printf_lli                              0x00000000   Number         0  stubs.o ABSOLUTE
    _printf_llo                              0x00000000   Number         0  stubs.o ABSOLUTE
    _printf_llu                              0x00000000   Number         0  stubs.o ABSOLUTE
    _printf_llx                              0x00000000   Number         0  stubs.o ABSOLUTE
    _printf_longlong_dec                     0x00000000   Number         0  stubs.o ABSOLUTE
    _printf_longlong_hex                     0x00000000   Number         0  stubs.o ABSOLUTE
    _printf_longlong_oct                     0x00000000   Number         0  stubs.o ABSOLUTE
    _printf_ls                               0x00000000   Number         0  stubs.o ABSOLUTE
    _printf_mbtowc                           0x00000000   Number         0  stubs.o ABSOLUTE
    _printf_n                                0x00000000   Number         0  stubs.o ABSOLUTE
    _printf_o                                0x00000000   Number         0  stubs.o ABSOLUTE
    _printf_p                                0x00000000   Number         0  stubs.o ABSOLUTE
    _printf_percent                          0x00000000   Number         0  stubs.o ABSOLUTE
    _printf_pre_padding                      0x00000000   Number         0  stubs.o ABSOLUTE
    _printf_return_value                     0x00000000   Number         0  stubs.o ABSOLUTE
    _printf_s                                0x00000000   Number         0  stubs.o ABSOLUTE
    _printf_sizespec                         0x00000000   Number         0  stubs.o ABSOLUTE
    _printf_str                              0x00000000   Number         0  stubs.o ABSOLUTE
    _printf_truncate_signed                  0x00000000   Number         0  stubs.o ABSOLUTE
    _printf_truncate_unsigned                0x00000000   Number         0  stubs.o ABSOLUTE
    _printf_u                                0x00000000   Number         0  stubs.o ABSOLUTE
    _printf_wc                               0x00000000   Number         0  stubs.o ABSOLUTE
    _printf_wctomb                           0x00000000   Number         0  stubs.o ABSOLUTE
    _printf_widthprec                        0x00000000   Number         0  stubs.o ABSOLUTE
    _printf_x                                0x00000000   Number         0  stubs.o ABSOLUTE
    __cpp_initialize__aeabi_                  - Undefined Weak Reference
    __cxa_finalize                            - Undefined Weak Reference
    __decompress                              - Undefined Weak Reference
    _clock_init                               - Undefined Weak Reference
    _microlib_exit                            - Undefined Weak Reference
    __Vectors_Size                           0x00000130   Number         0  startup_stm32f10x_hd.o ABSOLUTE
    __Vectors                                0x08000000   Data           4  startup_stm32f10x_hd.o(RESET)
    __Vectors_End                            0x08000130   Data           0  startup_stm32f10x_hd.o(RESET)
    __main                                   0x08000131   Thumb Code     0  entry.o(.ARM.Collect$$$$00000000)
    _main_stk                                0x08000131   Thumb Code     0  entry2.o(.ARM.Collect$$$$00000001)
    _main_scatterload                        0x08000135   Thumb Code     0  entry5.o(.ARM.Collect$$$$00000004)
    __main_after_scatterload                 0x08000139   Thumb Code     0  entry5.o(.ARM.Collect$$$$00000004)
    _main_clock                              0x08000139   Thumb Code     0  entry7b.o(.ARM.Collect$$$$00000008)
    _main_cpp_init                           0x08000139   Thumb Code     0  entry8b.o(.ARM.Collect$$$$0000000A)
    _main_init                               0x08000139   Thumb Code     0  entry9a.o(.ARM.Collect$$$$0000000B)
    __rt_final_cpp                           0x08000141   Thumb Code     0  entry10a.o(.ARM.Collect$$$$0000000D)
    __rt_final_exit                          0x08000141   Thumb Code     0  entry11a.o(.ARM.Collect$$$$0000000F)
    Reset_Handler                            0x08000145   Thumb Code     8  startup_stm32f10x_hd.o(.text)
    ADC1_2_IRQHandler                        0x0800015f   Thumb Code     0  startup_stm32f10x_hd.o(.text)
    ADC3_IRQHandler                          0x0800015f   Thumb Code     0  startup_stm32f10x_hd.o(.text)
    CAN1_RX1_IRQHandler                      0x0800015f   Thumb Code     0  startup_stm32f10x_hd.o(.text)
    CAN1_SCE_IRQHandler                      0x0800015f   Thumb Code     0  startup_stm32f10x_hd.o(.text)
    DMA1_Channel1_IRQHandler                 0x0800015f   Thumb Code     0  startup_stm32f10x_hd.o(.text)
    DMA1_Channel2_IRQHandler                 0x0800015f   Thumb Code     0  startup_stm32f10x_hd.o(.text)
    DMA1_Channel3_IRQHandler                 0x0800015f   Thumb Code     0  startup_stm32f10x_hd.o(.text)
    DMA1_Channel4_IRQHandler                 0x0800015f   Thumb Code     0  startup_stm32f10x_hd.o(.text)
    DMA1_Channel5_IRQHandler                 0x0800015f   Thumb Code     0  startup_stm32f10x_hd.o(.text)
    DMA1_Channel6_IRQHandler                 0x0800015f   Thumb Code     0  startup_stm32f10x_hd.o(.text)
    DMA1_Channel7_IRQHandler                 0x0800015f   Thumb Code     0  startup_stm32f10x_hd.o(.text)
    DMA2_Channel1_IRQHandler                 0x0800015f   Thumb Code     0  startup_stm32f10x_hd.o(.text)
    DMA2_Channel2_IRQHandler                 0x0800015f   Thumb Code     0  startup_stm32f10x_hd.o(.text)
    DMA2_Channel3_IRQHandler                 0x0800015f   Thumb Code     0  startup_stm32f10x_hd.o(.text)
    DMA2_Channel4_5_IRQHandler               0x0800015f   Thumb Code     0  startup_stm32f10x_hd.o(.text)
    EXTI15_10_IRQHandler                     0x0800015f   Thumb Code     0  startup_stm32f10x_hd.o(.text)
    EXTI1_IRQHandler                         0x0800015f   Thumb Code     0  startup_stm32f10x_hd.o(.text)
    EXTI2_IRQHandler                         0x0800015f   Thumb Code     0  startup_stm32f10x_hd.o(.text)
    EXTI3_IRQHandler                         0x0800015f   Thumb Code     0  startup_stm32f10x_hd.o(.text)
    EXTI4_IRQHandler                         0x0800015f   Thumb Code     0  startup_stm32f10x_hd.o(.text)
    EXTI9_5_IRQHandler                       0x0800015f   Thumb Code     0  startup_stm32f10x_hd.o(.text)
    FLASH_IRQHandler                         0x0800015f   Thumb Code     0  startup_stm32f10x_hd.o(.text)
    FSMC_IRQHandler                          0x0800015f   Thumb Code     0  startup_stm32f10x_hd.o(.text)
    I2C1_ER_IRQHandler                       0x0800015f   Thumb Code     0  startup_stm32f10x_hd.o(.text)
    I2C1_EV_IRQHandler                       0x0800015f   Thumb Code     0  startup_stm32f10x_hd.o(.text)
    I2C2_ER_IRQHandler                       0x0800015f   Thumb Code     0  startup_stm32f10x_hd.o(.text)
    I2C2_EV_IRQHandler                       0x0800015f   Thumb Code     0  startup_stm32f10x_hd.o(.text)
    PVD_IRQHandler                           0x0800015f   Thumb Code     0  startup_stm32f10x_hd.o(.text)
    RCC_IRQHandler                           0x0800015f   Thumb Code     0  startup_stm32f10x_hd.o(.text)
    RTCAlarm_IRQHandler                      0x0800015f   Thumb Code     0  startup_stm32f10x_hd.o(.text)
    RTC_IRQHandler                           0x0800015f   Thumb Code     0  startup_stm32f10x_hd.o(.text)
    SDIO_IRQHandler                          0x0800015f   Thumb Code     0  startup_stm32f10x_hd.o(.text)
    SPI1_IRQHandler                          0x0800015f   Thumb Code     0  startup_stm32f10x_hd.o(.text)
    SPI2_IRQHandler                          0x0800015f   Thumb Code     0  startup_stm32f10x_hd.o(.text)
    SPI3_IRQHandler                          0x0800015f   Thumb Code     0  startup_stm32f10x_hd.o(.text)
    TAMPER_IRQHandler                        0x0800015f   Thumb Code     0  startup_stm32f10x_hd.o(.text)
    TIM1_BRK_IRQHandler                      0x0800015f   Thumb Code     0  startup_stm32f10x_hd.o(.text)
    TIM1_CC_IRQHandler                       0x0800015f   Thumb Code     0  startup_stm32f10x_hd.o(.text)
    TIM1_TRG_COM_IRQHandler                  0x0800015f   Thumb Code     0  startup_stm32f10x_hd.o(.text)
    TIM2_IRQHandler                          0x0800015f   Thumb Code     0  startup_stm32f10x_hd.o(.text)
    TIM3_IRQHandler                          0x0800015f   Thumb Code     0  startup_stm32f10x_hd.o(.text)
    TIM4_IRQHandler                          0x0800015f   Thumb Code     0  startup_stm32f10x_hd.o(.text)
    TIM5_IRQHandler                          0x0800015f   Thumb Code     0  startup_stm32f10x_hd.o(.text)
    TIM8_BRK_IRQHandler                      0x0800015f   Thumb Code     0  startup_stm32f10x_hd.o(.text)
    TIM8_CC_IRQHandler                       0x0800015f   Thumb Code     0  startup_stm32f10x_hd.o(.text)
    TIM8_TRG_COM_IRQHandler                  0x0800015f   Thumb Code     0  startup_stm32f10x_hd.o(.text)
    UART4_IRQHandler                         0x0800015f   Thumb Code     0  startup_stm32f10x_hd.o(.text)
    UART5_IRQHandler                         0x0800015f   Thumb Code     0  startup_stm32f10x_hd.o(.text)
    USART3_IRQHandler                        0x0800015f   Thumb Code     0  startup_stm32f10x_hd.o(.text)
    USBWakeUp_IRQHandler                     0x0800015f   Thumb Code     0  startup_stm32f10x_hd.o(.text)
    USB_HP_CAN1_TX_IRQHandler                0x0800015f   Thumb Code     0  startup_stm32f10x_hd.o(.text)
    USB_LP_CAN1_RX0_IRQHandler               0x0800015f   Thumb Code     0  startup_stm32f10x_hd.o(.text)
    WWDG_IRQHandler                          0x0800015f   Thumb Code     0  startup_stm32f10x_hd.o(.text)
    OS_CPU_SR_Save                           0x08000169   Thumb Code     0  os_cpu_a.o(.text)
    OS_CPU_SR_Restore                        0x08000171   Thumb Code     0  os_cpu_a.o(.text)
    OSStartHighRdy                           0x08000177   Thumb Code     0  os_cpu_a.o(.text)
    OSCtxSw                                  0x08000199   Thumb Code     0  os_cpu_a.o(.text)
    OSIntCtxSw                               0x080001a7   Thumb Code     0  os_cpu_a.o(.text)
    PendSV_Handler                           0x080001b7   Thumb Code     0  os_cpu_a.o(.text)
    __aeabi_fadd                             0x0800021d   Thumb Code   164  fadd.o(.text)
    __aeabi_fsub                             0x080002c1   Thumb Code     6  fadd.o(.text)
    __aeabi_frsub                            0x080002c7   Thumb Code     6  fadd.o(.text)
    __aeabi_dmul                             0x080002cd   Thumb Code   228  dmul.o(.text)
    __aeabi_i2f                              0x080003b1   Thumb Code    18  fflti.o(.text)
    __aeabi_f2d                              0x080003c3   Thumb Code    38  f2d.o(.text)
    __aeabi_d2f                              0x080003e9   Thumb Code    56  d2f.o(.text)
    __aeabi_uidiv                            0x08000421   Thumb Code     0  uidiv.o(.text)
    __aeabi_uidivmod                         0x08000421   Thumb Code    44  uidiv.o(.text)
    __aeabi_uldivmod                         0x0800044d   Thumb Code    98  uldiv.o(.text)
    __I$use$fp                               0x080004af   Thumb Code     0  iusefp.o(.text)
    _float_round                             0x080004af   Thumb Code    18  fepilogue.o(.text)
    _float_epilogue                          0x080004c1   Thumb Code    92  fepilogue.o(.text)
    _double_round                            0x0800051d   Thumb Code    30  depilogue.o(.text)
    _double_epilogue                         0x0800053b   Thumb Code   156  depilogue.o(.text)
    __aeabi_dadd                             0x080005d7   Thumb Code   322  dadd.o(.text)
    __aeabi_dsub                             0x08000719   Thumb Code     6  dadd.o(.text)
    __aeabi_drsub                            0x0800071f   Thumb Code     6  dadd.o(.text)
    __aeabi_ddiv                             0x08000725   Thumb Code   222  ddiv.o(.text)
    __aeabi_d2ulz                            0x08000803   Thumb Code    48  dfixul.o(.text)
    __aeabi_cdrcmple                         0x08000835   Thumb Code    48  cdrcmple.o(.text)
    __scatterload                            0x08000865   Thumb Code    28  init.o(.text)
    __scatterload_rt2                        0x08000865   Thumb Code     0  init.o(.text)
    __aeabi_llsl                             0x08000889   Thumb Code    30  llshl.o(.text)
    _ll_shift_l                              0x08000889   Thumb Code     0  llshl.o(.text)
    __aeabi_llsr                             0x080008a7   Thumb Code    32  llushr.o(.text)
    _ll_ushift_r                             0x080008a7   Thumb Code     0  llushr.o(.text)
    __aeabi_lasr                             0x080008c7   Thumb Code    36  llsshr.o(.text)
    _ll_sshift_r                             0x080008c7   Thumb Code     0  llsshr.o(.text)
    ADVANCE_TIM_Init                         0x080009c5   Thumb Code    28  bsp_advancetim.o(i.ADVANCE_TIM_Init)
    BusFault_Handler                         0x08000a65   Thumb Code     4  stm32f10x_it.o(i.BusFault_Handler)
    DS18B20_GPIO_input                       0x08000a69   Thumb Code    38  ds18b20_drive.o(i.DS18B20_GPIO_input)
    DS18B20_GPIO_output                      0x08000a95   Thumb Code    38  ds18b20_drive.o(i.DS18B20_GPIO_output)
    DS18_Init                                0x08000ac1   Thumb Code    42  ds18b20_drive.o(i.DS18_Init)
    DS18_pre                                 0x08000af1   Thumb Code    82  ds18b20_drive.o(i.DS18_pre)
    DS18_read_Byte                           0x08000b49   Thumb Code    38  ds18b20_drive.o(i.DS18_read_Byte)
    DS18_write_Byte                          0x08000b71   Thumb Code    90  ds18b20_drive.o(i.DS18_write_Byte)
    DS_read_bit                              0x08000bd1   Thumb Code    52  ds18b20_drive.o(i.DS_read_bit)
    DS_read_int_temperture                   0x08000c09   Thumb Code   126  ds18b20_drive.o(i.DS_read_int_temperture)
    DebugMon_Handler                         0x08000c8d   Thumb Code     2  stm32f10x_it.o(i.DebugMon_Handler)
    EXTI0_IRQHandler                         0x08000c91   Thumb Code    30  stm32f10x_it.o(i.EXTI0_IRQHandler)
    EXTI_ClearITPendingBit                   0x08000cb5   Thumb Code     6  stm32f10x_exti.o(i.EXTI_ClearITPendingBit)
    EXTI_GetITStatus                         0x08000cc1   Thumb Code    34  stm32f10x_exti.o(i.EXTI_GetITStatus)
    GPIO_Init                                0x08000ce9   Thumb Code   278  stm32f10x_gpio.o(i.GPIO_Init)
    GPIO_ReadInputDataBit                    0x08000dff   Thumb Code    18  stm32f10x_gpio.o(i.GPIO_ReadInputDataBit)
    GPIO_ResetBits                           0x08000e11   Thumb Code     4  stm32f10x_gpio.o(i.GPIO_ResetBits)
    GPIO_SetBits                             0x08000e15   Thumb Code     4  stm32f10x_gpio.o(i.GPIO_SetBits)
    GPIO_config                              0x08000e19   Thumb Code    70  usart_dirve.o(i.GPIO_config)
    HardFault_Handler                        0x08000e65   Thumb Code     4  stm32f10x_it.o(i.HardFault_Handler)
    Key1_Init                                0x08000e69   Thumb Code    32  key_drive.o(i.Key1_Init)
    Key2_Init                                0x08000e8d   Thumb Code    34  key_drive.o(i.Key2_Init)
    LED_G_Config                             0x08000eb5   Thumb Code    38  led.o(i.LED_G_Config)
    LED_R_Config                             0x08000ee1   Thumb Code    38  led.o(i.LED_R_Config)
    MemManage_Handler                        0x08000f5d   Thumb Code     4  stm32f10x_it.o(i.MemManage_Handler)
    Moto1_rotate_angle                       0x08000f61   Thumb Code    34  bsp_advancetim.o(i.Moto1_rotate_angle)
    Moto2_rotate_angle                       0x08000f89   Thumb Code    34  bsp_advancetim.o(i.Moto2_rotate_angle)
    Motor_switch                             0x08001001   Thumb Code    84  bsp_advancetim.o(i.Motor_switch)
    Motor_tim8_config                        0x08001061   Thumb Code    54  bsp_advancetim.o(i.Motor_tim8_config)
    Motor_tim_config                         0x0800109d   Thumb Code    54  bsp_advancetim.o(i.Motor_tim_config)
    NMI_Handler                              0x080010d9   Thumb Code     2  stm32f10x_it.o(i.NMI_Handler)
    NVIC_Init                                0x080010dd   Thumb Code   100  misc.o(i.NVIC_Init)
    NVIC_PriorityGroupConfig                 0x0800114d   Thumb Code    10  misc.o(i.NVIC_PriorityGroupConfig)
    NVIC_USART_Config                        0x08001161   Thumb Code    40  usart_dirve.o(i.NVIC_USART_Config)
    OSInit                                   0x08001189   Thumb Code    44  os_core.o(i.OSInit)
    OSInitHookBegin                          0x080011b5   Thumb Code     2  os_cpu_c.o(i.OSInitHookBegin)
    OSInitHookEnd                            0x080011b7   Thumb Code     2  os_cpu_c.o(i.OSInitHookEnd)
    OSIntEnter                               0x080011b9   Thumb Code    28  os_core.o(i.OSIntEnter)
    OSIntExit                                0x080011dd   Thumb Code   112  os_core.o(i.OSIntExit)
    OSSchedLock                              0x0800126d   Thumb Code    50  os_core.o(i.OSSchedLock)
    OSSchedUnlock                            0x080012ad   Thumb Code    82  os_core.o(i.OSSchedUnlock)
    OSStart                                  0x0800130d   Thumb Code    48  os_core.o(i.OSStart)
    OSTCBInitHook                            0x08001355   Thumb Code     2  os_cpu_c.o(i.OSTCBInitHook)
    OSTaskCreate                             0x08001359   Thumb Code   148  os_task.o(i.OSTaskCreate)
    OSTaskCreateExt                          0x080013f9   Thumb Code   170  os_task.o(i.OSTaskCreateExt)
    OSTaskCreateHook                         0x080014b1   Thumb Code     2  os_cpu_c.o(i.OSTaskCreateHook)
    OSTaskIdleHook                           0x080014b3   Thumb Code     2  os_cpu_c.o(i.OSTaskIdleHook)
    OSTaskNameSet                            0x080014b5   Thumb Code    98  os_task.o(i.OSTaskNameSet)
    OSTaskStatHook                           0x08001525   Thumb Code     2  os_cpu_c.o(i.OSTaskStatHook)
    OSTaskStkChk                             0x08001529   Thumb Code   132  os_task.o(i.OSTaskStkChk)
    OSTaskStkInit                            0x080015b5   Thumb Code   154  os_cpu_c.o(i.OSTaskStkInit)
    OSTaskSuspend                            0x08001651   Thumb Code   152  os_task.o(i.OSTaskSuspend)
    OSTaskSwHook                             0x080016f9   Thumb Code     2  os_cpu_c.o(i.OSTaskSwHook)
    OSTimeDly                                0x080016fd   Thumb Code   100  os_time.o(i.OSTimeDly)
    OSTimeDlyHMSM                            0x08001775   Thumb Code    86  os_time.o(i.OSTimeDlyHMSM)
    OSTimeTick                               0x080017d5   Thumb Code   210  os_core.o(i.OSTimeTick)
    OSTimeTickHook                           0x080018c1   Thumb Code     2  os_cpu_c.o(i.OSTimeTickHook)
    OS_FlagInit                              0x080018c5   Thumb Code    74  os_flag.o(i.OS_FlagInit)
    OS_MemClr                                0x08001b29   Thumb Code    18  os_core.o(i.OS_MemClr)
    OS_QInit                                 0x08001b3d   Thumb Code    72  os_q.o(i.OS_QInit)
    OS_Sched                                 0x08001b8d   Thumb Code    88  os_core.o(i.OS_Sched)
    OS_TCBInit                               0x08001c2d   Thumb Code   278  os_core.o(i.OS_TCBInit)
    OS_TaskIdle                              0x08001d61   Thumb Code    34  os_core.o(i.OS_TaskIdle)
    OS_TaskStat                              0x08001d89   Thumb Code   116  os_core.o(i.OS_TaskStat)
    OS_TaskStatStkChk                        0x08001e11   Thumb Code    54  os_core.o(i.OS_TaskStatStkChk)
    OS_TaskStkClr                            0x08001e4d   Thumb Code    26  os_task.o(i.OS_TaskStkClr)
    PWM_TUGO                                 0x08001e69   Thumb Code   102  bsp_advancetim.o(i.PWM_TUGO)
    RCC_APB2PeriphClockCmd                   0x08001ee1   Thumb Code    26  stm32f10x_rcc.o(i.RCC_APB2PeriphClockCmd)
    RCC_GetClocksFreq                        0x08001f01   Thumb Code   192  stm32f10x_rcc.o(i.RCC_GetClocksFreq)
    SVC_Handler                              0x08001fd5   Thumb Code     2  stm32f10x_it.o(i.SVC_Handler)
    SysTick_CLKSourceConfig                  0x080020c1   Thumb Code    40  misc.o(i.SysTick_CLKSourceConfig)
    SysTick_Handler                          0x080020e9   Thumb Code    24  delay.o(i.SysTick_Handler)
    SystemInit                               0x08002105   Thumb Code    78  system_stm32f10x.o(i.SystemInit)
    TIM1_UP_IRQHandler                       0x08002165   Thumb Code    30  bsp_advancetim.o(i.TIM1_UP_IRQHandler)
    TIM6_IRQHandler                          0x08002189   Thumb Code    32  tim_dirve.o(i.TIM6_IRQHandler)
    TIM7_IRQHandler                          0x080021b1   Thumb Code    32  tim_dirve.o(i.TIM7_IRQHandler)
    TIM8_UP_IRQHandler                       0x080021d9   Thumb Code    30  bsp_advancetim.o(i.TIM8_UP_IRQHandler)
    TIM_ClearITPendingBit                    0x080021fd   Thumb Code     6  stm32f10x_tim.o(i.TIM_ClearITPendingBit)
    TIM_Cmd                                  0x08002203   Thumb Code    24  stm32f10x_tim.o(i.TIM_Cmd)
    TIM_CtrlPWMOutputs                       0x0800221b   Thumb Code    30  stm32f10x_tim.o(i.TIM_CtrlPWMOutputs)
    TIM_GetFlagStatus                        0x08002239   Thumb Code    18  stm32f10x_tim.o(i.TIM_GetFlagStatus)
    TIM_GetITStatus                          0x0800224b   Thumb Code    34  stm32f10x_tim.o(i.TIM_GetITStatus)
    TIM_ITConfig                             0x0800226d   Thumb Code    18  stm32f10x_tim.o(i.TIM_ITConfig)
    TIM_OC1Init                              0x08002281   Thumb Code   132  stm32f10x_tim.o(i.TIM_OC1Init)
    TIM_OC1PreloadConfig                     0x08002319   Thumb Code    18  stm32f10x_tim.o(i.TIM_OC1PreloadConfig)
    TIM_TimeBaseInit                         0x0800232d   Thumb Code   122  stm32f10x_tim.o(i.TIM_TimeBaseInit)
    USART1_IRQHandler                        0x080023d1   Thumb Code    38  stm32f10x_it.o(i.USART1_IRQHandler)
    USART2_IRQHandler                        0x08002401   Thumb Code    36  hc_05_drive.o(i.USART2_IRQHandler)
    USART_Cmd                                0x0800242d   Thumb Code    24  stm32f10x_usart.o(i.USART_Cmd)
    USART_Config                             0x08002445   Thumb Code    72  usart_dirve.o(i.USART_Config)
    USART_GetFlagStatus                      0x08002491   Thumb Code    26  stm32f10x_usart.o(i.USART_GetFlagStatus)
    USART_GetITStatus                        0x080024ab   Thumb Code    84  stm32f10x_usart.o(i.USART_GetITStatus)
    USART_ITConfig                           0x080024ff   Thumb Code    74  stm32f10x_usart.o(i.USART_ITConfig)
    USART_Init                               0x08002549   Thumb Code   210  stm32f10x_usart.o(i.USART_Init)
    USART_ReceiveData                        0x08002621   Thumb Code    10  stm32f10x_usart.o(i.USART_ReceiveData)
    USART_SendData                           0x0800262b   Thumb Code     8  stm32f10x_usart.o(i.USART_SendData)
    USART_Sendbyt                            0x08002633   Thumb Code    30  usart_dirve.o(i.USART_Sendbyt)
    UsageFault_Handler                       0x08002651   Thumb Code     4  stm32f10x_it.o(i.UsageFault_Handler)
    Usart_SendStr                            0x08002655   Thumb Code    40  usart_dirve.o(i.Usart_SendStr)
    _MOTOR_TASK                              0x0800267d   Thumb Code    24  main.o(i._MOTOR_TASK)
    _UCOS_LED_G_TASK                         0x08002695   Thumb Code    44  main.o(i._UCOS_LED_G_TASK)
    _UCOS_START_TASK                         0x080026c5   Thumb Code    74  main.o(i._UCOS_START_TASK)
    _UCOS_USART_TASK                         0x08002731   Thumb Code    46  main.o(i._UCOS_USART_TASK)
    _UCOS_temperture_TASK                    0x08002779   Thumb Code    24  main.o(i._UCOS_temperture_TASK)
    __0printf                                0x08002795   Thumb Code    22  printfa.o(i.__0printf)
    __1printf                                0x08002795   Thumb Code     0  printfa.o(i.__0printf)
    __2printf                                0x08002795   Thumb Code     0  printfa.o(i.__0printf)
    __c89printf                              0x08002795   Thumb Code     0  printfa.o(i.__0printf)
    printf                                   0x08002795   Thumb Code     0  printfa.o(i.__0printf)
    __scatterload_copy                       0x080027b5   Thumb Code    14  handlers.o(i.__scatterload_copy)
    __scatterload_null                       0x080027c3   Thumb Code     2  handlers.o(i.__scatterload_null)
    __scatterload_zeroinit                   0x080027c5   Thumb Code    14  handlers.o(i.__scatterload_zeroinit)
    delay_init                               0x08003069   Thumb Code    76  delay.o(i.delay_init)
    delay_osschedlock                        0x080030c5   Thumb Code     8  delay.o(i.delay_osschedlock)
    delay_osschedunlock                      0x080030cd   Thumb Code     8  delay.o(i.delay_osschedunlock)
    delay_us                                 0x080030d5   Thumb Code    86  delay.o(i.delay_us)
    fifo_buffer_push                         0x08003131   Thumb Code    56  osp_fifo.o(i.fifo_buffer_push)
    fifo_buffer_shift                        0x08003169   Thumb Code    18  osp_fifo.o(i.fifo_buffer_shift)
    fputc                                    0x0800317d   Thumb Code    32  usart_dirve.o(i.fputc)
    global_drive_init                        0x080031a1   Thumb Code    28  main.o(i.global_drive_init)
    main                                     0x080031bd   Thumb Code    34  main.o(i.main)
    OSUnMapTbl                               0x080031e8   Data         256  os_core.o(.constdata)
    Region$$Table$$Base                      0x080032e8   Number         0  anon$$obj.o(Region$$Table)
    Region$$Table$$Limit                     0x08003308   Number         0  anon$$obj.o(Region$$Table)
    SystemCoreClock                          0x20000000   Data           4  system_stm32f10x.o(.data)
    AHBPrescTable                            0x20000004   Data          16  system_stm32f10x.o(.data)
    g_temperture_num                         0x20000028   Data           4  main.o(.data)
    time                                     0x2000002c   Data           4  main.o(.data)
    ucTemp                                   0x20000030   Data           4  stm32f10x_it.o(.data)
    OSCtxSwCtr                               0x20000038   Data           4  os_core.o(.data)
    OSEventFreeList                          0x2000003c   Data           4  os_core.o(.data)
    OSFlagFreeList                           0x20000040   Data           4  os_core.o(.data)
    OSCPUUsage                               0x20000044   Data           1  os_core.o(.data)
    OSIdleCtrMax                             0x20000048   Data           4  os_core.o(.data)
    OSIdleCtrRun                             0x2000004c   Data           4  os_core.o(.data)
    OSStatRdy                                0x20000050   Data           1  os_core.o(.data)
    OSIntNesting                             0x20000051   Data           1  os_core.o(.data)
    OSLockNesting                            0x20000052   Data           1  os_core.o(.data)
    OSPrioCur                                0x20000053   Data           1  os_core.o(.data)
    OSPrioHighRdy                            0x20000054   Data           1  os_core.o(.data)
    OSRdyGrp                                 0x20000055   Data           1  os_core.o(.data)
    OSRdyTbl                                 0x20000056   Data           8  os_core.o(.data)
    OSRunning                                0x2000005e   Data           1  os_core.o(.data)
    OSTaskCtr                                0x2000005f   Data           1  os_core.o(.data)
    OSIdleCtr                                0x20000060   Data           4  os_core.o(.data)
    OSTCBCur                                 0x20000064   Data           4  os_core.o(.data)
    OSTCBFreeList                            0x20000068   Data           4  os_core.o(.data)
    OSTCBHighRdy                             0x2000006c   Data           4  os_core.o(.data)
    OSTCBList                                0x20000070   Data           4  os_core.o(.data)
    OSTickStepState                          0x20000074   Data           1  os_core.o(.data)
    OSQFreeList                              0x20000078   Data           4  os_core.o(.data)
    OSTime                                   0x2000007c   Data           4  os_core.o(.data)
    __stdout                                 0x20000084   Data           4  stdout.o(.data)
    UCOS_START_TASK_STK                      0x20000088   Data         512  main.o(.bss)
    UCOS_LED_G_TASK_STK                      0x20000288   Data         512  main.o(.bss)
    UCOS_temperture_TASK_STK                 0x20000488   Data         512  main.o(.bss)
    UCOS_MOTOR_TASK_STK                      0x20000688   Data         512  main.o(.bss)
    UCOS_USART_TASK_STK                      0x20000888   Data         512  main.o(.bss)
    receive_buf                              0x20000a88   Data         100  main.o(.bss)
    Bluetooth_control_tcb                    0x20000aec   Data          16  hc_05_drive.o(.bss)
    Bluetooth_buf                            0x20000afc   Data         512  hc_05_drive.o(.bss)
    OSEventTbl                               0x20000cfc   Data         200  os_core.o(.bss)
    OSFlagTbl                                0x20000dc4   Data          80  os_core.o(.bss)
    OSTaskStatStk                            0x20000e14   Data         512  os_core.o(.bss)
    OSTaskIdleStk                            0x20001014   Data         512  os_core.o(.bss)
    OSTCBPrioTbl                             0x20001214   Data         256  os_core.o(.bss)
    OSTCBTbl                                 0x20001314   Data        1008  os_core.o(.bss)
    OSQTbl                                   0x20001704   Data         120  os_core.o(.bss)
    __initial_sp                             0x20001b80   Data           0  startup_stm32f10x_hd.o(STACK)



==============================================================================

Memory Map of the image

  Image Entry point : 0x08000131

  Load Region LR_IROM1 (Base: 0x08000000, Size: 0x00003390, Max: 0x00080000, ABSOLUTE)

    Execution Region ER_IROM1 (Base: 0x08000000, Size: 0x00003308, Max: 0x00080000, ABSOLUTE)

    Base Addr    Size         Type   Attr      Idx    E Section Name        Object

    0x08000000   0x00000130   Data   RO            3    RESET               startup_stm32f10x_hd.o
    0x08000130   0x00000000   Code   RO         4599  * .ARM.Collect$$$$00000000  mc_w.l(entry.o)
    0x08000130   0x00000004   Code   RO         4875    .ARM.Collect$$$$00000001  mc_w.l(entry2.o)
    0x08000134   0x00000004   Code   RO         4878    .ARM.Collect$$$$00000004  mc_w.l(entry5.o)
    0x08000138   0x00000000   Code   RO         4880    .ARM.Collect$$$$00000008  mc_w.l(entry7b.o)
    0x08000138   0x00000000   Code   RO         4882    .ARM.Collect$$$$0000000A  mc_w.l(entry8b.o)
    0x08000138   0x00000008   Code   RO         4883    .ARM.Collect$$$$0000000B  mc_w.l(entry9a.o)
    0x08000140   0x00000000   Code   RO         4885    .ARM.Collect$$$$0000000D  mc_w.l(entry10a.o)
    0x08000140   0x00000000   Code   RO         4887    .ARM.Collect$$$$0000000F  mc_w.l(entry11a.o)
    0x08000140   0x00000004   Code   RO         4876    .ARM.Collect$$$$00002712  mc_w.l(entry2.o)
    0x08000144   0x00000024   Code   RO            4    .text               startup_stm32f10x_hd.o
    0x08000168   0x000000b4   Code   RO         4518    .text               os_cpu_a.o
    0x0800021c   0x000000b0   Code   RO         4865    .text               mf_w.l(fadd.o)
    0x080002cc   0x000000e4   Code   RO         4867    .text               mf_w.l(dmul.o)
    0x080003b0   0x00000012   Code   RO         4869    .text               mf_w.l(fflti.o)
    0x080003c2   0x00000026   Code   RO         4871    .text               mf_w.l(f2d.o)
    0x080003e8   0x00000038   Code   RO         4873    .text               mf_w.l(d2f.o)
    0x08000420   0x0000002c   Code   RO         4890    .text               mc_w.l(uidiv.o)
    0x0800044c   0x00000062   Code   RO         4892    .text               mc_w.l(uldiv.o)
    0x080004ae   0x00000000   Code   RO         4894    .text               mc_w.l(iusefp.o)
    0x080004ae   0x0000006e   Code   RO         4895    .text               mf_w.l(fepilogue.o)
    0x0800051c   0x000000ba   Code   RO         4897    .text               mf_w.l(depilogue.o)
    0x080005d6   0x0000014e   Code   RO         4899    .text               mf_w.l(dadd.o)
    0x08000724   0x000000de   Code   RO         4901    .text               mf_w.l(ddiv.o)
    0x08000802   0x00000030   Code   RO         4903    .text               mf_w.l(dfixul.o)
    0x08000832   0x00000002   PAD
    0x08000834   0x00000030   Code   RO         4905    .text               mf_w.l(cdrcmple.o)
    0x08000864   0x00000024   Code   RO         4907    .text               mc_w.l(init.o)
    0x08000888   0x0000001e   Code   RO         4909    .text               mc_w.l(llshl.o)
    0x080008a6   0x00000020   Code   RO         4911    .text               mc_w.l(llushr.o)
    0x080008c6   0x00000024   Code   RO         4913    .text               mc_w.l(llsshr.o)
    0x080008ea   0x00000002   PAD
    0x080008ec   0x00000084   Code   RO         3648    i.ADVANCE_TIM8_Mode_Config  bsp_advancetim.o
    0x08000970   0x00000054   Code   RO         3649    i.ADVANCE_TIM_GPIO_Config  bsp_advancetim.o
    0x080009c4   0x0000001c   Code   RO         3650    i.ADVANCE_TIM_Init  bsp_advancetim.o
    0x080009e0   0x00000084   Code   RO         3651    i.ADVANCE_TIM_Mode_Config  bsp_advancetim.o
    0x08000a64   0x00000004   Code   RO         3241    i.BusFault_Handler  stm32f10x_it.o
    0x08000a68   0x0000002c   Code   RO         3739    i.DS18B20_GPIO_input  ds18b20_drive.o
    0x08000a94   0x0000002c   Code   RO         3740    i.DS18B20_GPIO_output  ds18b20_drive.o
    0x08000ac0   0x00000030   Code   RO         3741    i.DS18_Init         ds18b20_drive.o
    0x08000af0   0x00000058   Code   RO         3742    i.DS18_pre          ds18b20_drive.o
    0x08000b48   0x00000026   Code   RO         3743    i.DS18_read_Byte    ds18b20_drive.o
    0x08000b6e   0x00000002   PAD
    0x08000b70   0x00000060   Code   RO         3744    i.DS18_write_Byte   ds18b20_drive.o
    0x08000bd0   0x00000038   Code   RO         3745    i.DS_read_bit       ds18b20_drive.o
    0x08000c08   0x00000084   Code   RO         3746    i.DS_read_int_temperture  ds18b20_drive.o
    0x08000c8c   0x00000002   Code   RO         3242    i.DebugMon_Handler  stm32f10x_it.o
    0x08000c8e   0x00000002   PAD
    0x08000c90   0x00000024   Code   RO         3243    i.EXTI0_IRQHandler  stm32f10x_it.o
    0x08000cb4   0x0000000c   Code   RO          939    i.EXTI_ClearITPendingBit  stm32f10x_exti.o
    0x08000cc0   0x00000028   Code   RO          943    i.EXTI_GetITStatus  stm32f10x_exti.o
    0x08000ce8   0x00000116   Code   RO         1292    i.GPIO_Init         stm32f10x_gpio.o
    0x08000dfe   0x00000012   Code   RO         1296    i.GPIO_ReadInputDataBit  stm32f10x_gpio.o
    0x08000e10   0x00000004   Code   RO         1299    i.GPIO_ResetBits    stm32f10x_gpio.o
    0x08000e14   0x00000004   Code   RO         1300    i.GPIO_SetBits      stm32f10x_gpio.o
    0x08000e18   0x0000004c   Code   RO         3439    i.GPIO_config       usart_dirve.o
    0x08000e64   0x00000004   Code   RO         3244    i.HardFault_Handler  stm32f10x_it.o
    0x08000e68   0x00000024   Code   RO         3326    i.Key1_Init         key_drive.o
    0x08000e8c   0x00000028   Code   RO         3328    i.Key2_Init         key_drive.o
    0x08000eb4   0x0000002c   Code   RO         3308    i.LED_G_Config      led.o
    0x08000ee0   0x0000002c   Code   RO         3309    i.LED_R_Config      led.o
    0x08000f0c   0x00000050   Code   RO         3652    i.MOTO_Drive_GPIO_Config  bsp_advancetim.o
    0x08000f5c   0x00000004   Code   RO         3245    i.MemManage_Handler  stm32f10x_it.o
    0x08000f60   0x00000028   Code   RO         3653    i.Moto1_rotate_angle  bsp_advancetim.o
    0x08000f88   0x00000028   Code   RO         3654    i.Moto2_rotate_angle  bsp_advancetim.o
    0x08000fb0   0x00000028   Code   RO         3655    i.Moto_pwm2_nvic_config  bsp_advancetim.o
    0x08000fd8   0x00000028   Code   RO         3656    i.Moto_pwm_nvic_config  bsp_advancetim.o
    0x08001000   0x00000060   Code   RO         3657    i.Motor_switch      bsp_advancetim.o
    0x08001060   0x0000003c   Code   RO         3658    i.Motor_tim8_config  bsp_advancetim.o
    0x0800109c   0x0000003c   Code   RO         3659    i.Motor_tim_config  bsp_advancetim.o
    0x080010d8   0x00000002   Code   RO         3246    i.NMI_Handler       stm32f10x_it.o
    0x080010da   0x00000002   PAD
    0x080010dc   0x00000070   Code   RO          137    i.NVIC_Init         misc.o
    0x0800114c   0x00000014   Code   RO          138    i.NVIC_PriorityGroupConfig  misc.o
    0x08001160   0x00000028   Code   RO         3441    i.NVIC_USART_Config  usart_dirve.o
    0x08001188   0x0000002c   Code   RO         3802    i.OSInit            os_core.o
    0x080011b4   0x00000002   Code   RO         4436    i.OSInitHookBegin   os_cpu_c.o
    0x080011b6   0x00000002   Code   RO         4437    i.OSInitHookEnd     os_cpu_c.o
    0x080011b8   0x00000024   Code   RO         3803    i.OSIntEnter        os_core.o
    0x080011dc   0x00000090   Code   RO         3804    i.OSIntExit         os_core.o
    0x0800126c   0x00000040   Code   RO         3805    i.OSSchedLock       os_core.o
    0x080012ac   0x00000060   Code   RO         3806    i.OSSchedUnlock     os_core.o
    0x0800130c   0x00000048   Code   RO         3807    i.OSStart           os_core.o
    0x08001354   0x00000002   Code   RO         4438    i.OSTCBInitHook     os_cpu_c.o
    0x08001356   0x00000002   PAD
    0x08001358   0x000000a0   Code   RO         4299    i.OSTaskCreate      os_task.o
    0x080013f8   0x000000b8   Code   RO         4300    i.OSTaskCreateExt   os_task.o
    0x080014b0   0x00000002   Code   RO         4439    i.OSTaskCreateHook  os_cpu_c.o
    0x080014b2   0x00000002   Code   RO         4441    i.OSTaskIdleHook    os_cpu_c.o
    0x080014b4   0x00000070   Code   RO         4304    i.OSTaskNameSet     os_task.o
    0x08001524   0x00000002   Code   RO         4443    i.OSTaskStatHook    os_cpu_c.o
    0x08001526   0x00000002   PAD
    0x08001528   0x0000008c   Code   RO         4309    i.OSTaskStkChk      os_task.o
    0x080015b4   0x0000009a   Code   RO         4444    i.OSTaskStkInit     os_cpu_c.o
    0x0800164e   0x00000002   PAD
    0x08001650   0x000000a8   Code   RO         4310    i.OSTaskSuspend     os_task.o
    0x080016f8   0x00000002   Code   RO         4445    i.OSTaskSwHook      os_cpu_c.o
    0x080016fa   0x00000002   PAD
    0x080016fc   0x00000078   Code   RO         4394    i.OSTimeDly         os_time.o
    0x08001774   0x00000060   Code   RO         4395    i.OSTimeDlyHMSM     os_time.o
    0x080017d4   0x000000ec   Code   RO         3809    i.OSTimeTick        os_core.o
    0x080018c0   0x00000002   Code   RO         4446    i.OSTimeTickHook    os_cpu_c.o
    0x080018c2   0x00000002   PAD
    0x080018c4   0x00000058   Code   RO         3993    i.OS_FlagInit       os_flag.o
    0x0800191c   0x00000054   Code   RO         3816    i.OS_InitEventList  os_core.o
    0x08001970   0x00000054   Code   RO         3817    i.OS_InitMisc       os_core.o
    0x080019c4   0x00000044   Code   RO         3818    i.OS_InitRdyList    os_core.o
    0x08001a08   0x00000080   Code   RO         3819    i.OS_InitTCBList    os_core.o
    0x08001a88   0x00000050   Code   RO         3820    i.OS_InitTaskIdle   os_core.o
    0x08001ad8   0x00000050   Code   RO         3821    i.OS_InitTaskStat   os_core.o
    0x08001b28   0x00000012   Code   RO         3822    i.OS_MemClr         os_core.o
    0x08001b3a   0x00000002   PAD
    0x08001b3c   0x00000050   Code   RO         4182    i.OS_QInit          os_q.o
    0x08001b8c   0x00000074   Code   RO         3824    i.OS_Sched          os_core.o
    0x08001c00   0x0000002c   Code   RO         3825    i.OS_SchedNew       os_core.o
    0x08001c2c   0x00000134   Code   RO         3827    i.OS_TCBInit        os_core.o
    0x08001d60   0x00000028   Code   RO         3828    i.OS_TaskIdle       os_core.o
    0x08001d88   0x00000088   Code   RO         3829    i.OS_TaskStat       os_core.o
    0x08001e10   0x0000003c   Code   RO         3830    i.OS_TaskStatStkChk  os_core.o
    0x08001e4c   0x0000001a   Code   RO         4312    i.OS_TaskStkClr     os_task.o
    0x08001e66   0x00000002   PAD
    0x08001e68   0x00000078   Code   RO         3660    i.PWM_TUGO          bsp_advancetim.o
    0x08001ee0   0x00000020   Code   RO         1710    i.RCC_APB2PeriphClockCmd  stm32f10x_rcc.o
    0x08001f00   0x000000d4   Code   RO         1718    i.RCC_GetClocksFreq  stm32f10x_rcc.o
    0x08001fd4   0x00000002   Code   RO         3247    i.SVC_Handler       stm32f10x_it.o
    0x08001fd6   0x00000008   Code   RO           24    i.SetSysClock       system_stm32f10x.o
    0x08001fde   0x00000002   PAD
    0x08001fe0   0x000000e0   Code   RO           25    i.SetSysClockTo72   system_stm32f10x.o
    0x080020c0   0x00000028   Code   RO          141    i.SysTick_CLKSourceConfig  misc.o
    0x080020e8   0x0000001c   Code   RO         4549    i.SysTick_Handler   delay.o
    0x08002104   0x00000060   Code   RO           27    i.SystemInit        system_stm32f10x.o
    0x08002164   0x00000024   Code   RO         3661    i.TIM1_UP_IRQHandler  bsp_advancetim.o
    0x08002188   0x00000028   Code   RO         3409    i.TIM6_IRQHandler   tim_dirve.o
    0x080021b0   0x00000028   Code   RO         3410    i.TIM7_IRQHandler   tim_dirve.o
    0x080021d8   0x00000024   Code   RO         3662    i.TIM8_UP_IRQHandler  bsp_advancetim.o
    0x080021fc   0x00000006   Code   RO         2337    i.TIM_ClearITPendingBit  stm32f10x_tim.o
    0x08002202   0x00000018   Code   RO         2342    i.TIM_Cmd           stm32f10x_tim.o
    0x0800221a   0x0000001e   Code   RO         2344    i.TIM_CtrlPWMOutputs  stm32f10x_tim.o
    0x08002238   0x00000012   Code   RO         2362    i.TIM_GetFlagStatus  stm32f10x_tim.o
    0x0800224a   0x00000022   Code   RO         2363    i.TIM_GetITStatus   stm32f10x_tim.o
    0x0800226c   0x00000012   Code   RO         2367    i.TIM_ITConfig      stm32f10x_tim.o
    0x0800227e   0x00000002   PAD
    0x08002280   0x00000098   Code   RO         2371    i.TIM_OC1Init       stm32f10x_tim.o
    0x08002318   0x00000012   Code   RO         2374    i.TIM_OC1PreloadConfig  stm32f10x_tim.o
    0x0800232a   0x00000002   PAD
    0x0800232c   0x000000a4   Code   RO         2413    i.TIM_TimeBaseInit  stm32f10x_tim.o
    0x080023d0   0x00000030   Code   RO         3248    i.USART1_IRQHandler  stm32f10x_it.o
    0x08002400   0x0000002c   Code   RO         3555    i.USART2_IRQHandler  hc_05_drive.o
    0x0800242c   0x00000018   Code   RO         2878    i.USART_Cmd         stm32f10x_usart.o
    0x08002444   0x0000004c   Code   RO         3444    i.USART_Config      usart_dirve.o
    0x08002490   0x0000001a   Code   RO         2881    i.USART_GetFlagStatus  stm32f10x_usart.o
    0x080024aa   0x00000054   Code   RO         2882    i.USART_GetITStatus  stm32f10x_usart.o
    0x080024fe   0x0000004a   Code   RO         2884    i.USART_ITConfig    stm32f10x_usart.o
    0x08002548   0x000000d8   Code   RO         2885    i.USART_Init        stm32f10x_usart.o
    0x08002620   0x0000000a   Code   RO         2892    i.USART_ReceiveData  stm32f10x_usart.o
    0x0800262a   0x00000008   Code   RO         2895    i.USART_SendData    stm32f10x_usart.o
    0x08002632   0x0000001e   Code   RO         3445    i.USART_Sendbyt     usart_dirve.o
    0x08002650   0x00000004   Code   RO         3249    i.UsageFault_Handler  stm32f10x_it.o
    0x08002654   0x00000028   Code   RO         3446    i.Usart_SendStr     usart_dirve.o
    0x0800267c   0x00000018   Code   RO         3109    i._MOTOR_TASK       main.o
    0x08002694   0x00000030   Code   RO         3110    i._UCOS_LED_G_TASK  main.o
    0x080026c4   0x0000006c   Code   RO         3111    i._UCOS_START_TASK  main.o
    0x08002730   0x00000048   Code   RO         3112    i._UCOS_USART_TASK  main.o
    0x08002778   0x0000001c   Code   RO         3113    i._UCOS_temperture_TASK  main.o
    0x08002794   0x00000020   Code   RO         4837    i.__0printf         mc_w.l(printfa.o)
    0x080027b4   0x0000000e   Code   RO         4917    i.__scatterload_copy  mc_w.l(handlers.o)
    0x080027c2   0x00000002   Code   RO         4918    i.__scatterload_null  mc_w.l(handlers.o)
    0x080027c4   0x0000000e   Code   RO         4919    i.__scatterload_zeroinit  mc_w.l(handlers.o)
    0x080027d2   0x00000002   PAD
    0x080027d4   0x00000164   Code   RO         4844    i._fp_digits        mc_w.l(printfa.o)
    0x08002938   0x000006dc   Code   RO         4845    i._printf_core      mc_w.l(printfa.o)
    0x08003014   0x00000024   Code   RO         4846    i._printf_post_padding  mc_w.l(printfa.o)
    0x08003038   0x0000002e   Code   RO         4847    i._printf_pre_padding  mc_w.l(printfa.o)
    0x08003066   0x00000002   PAD
    0x08003068   0x0000005c   Code   RO         4550    i.delay_init        delay.o
    0x080030c4   0x00000008   Code   RO         4552    i.delay_osschedlock  delay.o
    0x080030cc   0x00000008   Code   RO         4553    i.delay_osschedunlock  delay.o
    0x080030d4   0x0000005c   Code   RO         4555    i.delay_us          delay.o
    0x08003130   0x00000038   Code   RO         3610    i.fifo_buffer_push  osp_fifo.o
    0x08003168   0x00000012   Code   RO         3611    i.fifo_buffer_shift  osp_fifo.o
    0x0800317a   0x00000002   PAD
    0x0800317c   0x00000024   Code   RO         3448    i.fputc             usart_dirve.o
    0x080031a0   0x0000001c   Code   RO         3114    i.global_drive_init  main.o
    0x080031bc   0x0000002c   Code   RO         3115    i.main              main.o
    0x080031e8   0x00000100   Data   RO         3832    .constdata          os_core.o
    0x080032e8   0x00000020   Data   RO         4915    Region$$Table       anon$$obj.o


    Execution Region RW_IRAM1 (Base: 0x20000000, Size: 0x00001b80, Max: 0x00010000, ABSOLUTE)

    Base Addr    Size         Type   Attr      Idx    E Section Name        Object

    0x20000000   0x00000014   Data   RW           28    .data               system_stm32f10x.o
    0x20000014   0x00000014   Data   RW         1738    .data               stm32f10x_rcc.o
    0x20000028   0x00000008   Data   RW         3117    .data               main.o
    0x20000030   0x00000004   Data   RW         3251    .data               stm32f10x_it.o
    0x20000034   0x00000004   Data   RW         3663    .data               bsp_advancetim.o
    0x20000038   0x00000048   Data   RW         3833    .data               os_core.o
    0x20000080   0x00000004   Data   RW         4556    .data               delay.o
    0x20000084   0x00000004   Data   RW         4889    .data               mc_w.l(stdout.o)
    0x20000088   0x00000a64   Zero   RW         3116    .bss                main.o
    0x20000aec   0x00000210   Zero   RW         3556    .bss                hc_05_drive.o
    0x20000cfc   0x00000a80   Zero   RW         3831    .bss                os_core.o
    0x2000177c   0x00000004   PAD
    0x20001780   0x00000400   Zero   RW            1    STACK               startup_stm32f10x_hd.o


==============================================================================

Image component sizes


      Code (inc. data)   RO Data    RW Data    ZI Data      Debug   Object Name

      1024         90          0          4          0       8020   bsp_advancetim.o
         0          0          0          0          0       4496   core_cm3.o
       228         26          0          4          0       2680   delay.o
       546         40          0          0          0       4500   ds18b20_drive.o
        44          8          0          0        528       1682   hc_05_drive.o
        76         10          0          0          0        960   key_drive.o
        88         12          0          0          0        934   led.o
       352         78          0          8       2660      13212   main.o
       172         22          0          0          0       2181   misc.o
      1938        382        256         72       2688      18791   os_core.o
       180         36          0          0          0        320   os_cpu_a.o
       170          0          0          0          0      12587   os_cpu_c.o
        88         14          0          0          0        574   os_flag.o
        80          8          0          0          0        543   os_q.o
       790         64          0          0          0       5300   os_task.o
       216         30          0          0          0       1364   os_time.o
        74          0          0          0          0       1939   osp_fifo.o
        36          8        304          0       1024        860   startup_stm32f10x_hd.o
        52         12          0          0          0       1188   stm32f10x_exti.o
       304          0          0          0          0       3808   stm32f10x_gpio.o
       106         16          0          4          0       4481   stm32f10x_it.o
       244         26          0         20          0       3969   stm32f10x_rcc.o
       464         62          0          0          0       6316   stm32f10x_tim.o
       442          6          0          0          0       6405   stm32f10x_usart.o
       328         28          0         20          0     250965   system_stm32f10x.o
        80         16          0          0          0        924   tim_dirve.o
       298         14          0          0          0       4925   usart_dirve.o

    ----------------------------------------------------------------------
      8448       1008        592        132       6904     363924   Object Totals
         0          0         32          0          0          0   (incl. Generated)
        28          0          0          0          4          0   (incl. Padding)

    ----------------------------------------------------------------------

      Code (inc. data)   RO Data    RW Data    ZI Data      Debug   Library Member Name

         0          0          0          0          0          0   entry.o
         0          0          0          0          0          0   entry10a.o
         0          0          0          0          0          0   entry11a.o
         8          4          0          0          0          0   entry2.o
         4          0          0          0          0          0   entry5.o
         0          0          0          0          0          0   entry7b.o
         0          0          0          0          0          0   entry8b.o
         8          4          0          0          0          0   entry9a.o
        30          0          0          0          0          0   handlers.o
        36          8          0          0          0         68   init.o
         0          0          0          0          0          0   iusefp.o
        30          0          0          0          0         68   llshl.o
        36          0          0          0          0         68   llsshr.o
        32          0          0          0          0         68   llushr.o
      2226         90          0          0          0        444   printfa.o
         0          0          0          4          0          0   stdout.o
        44          0          0          0          0         80   uidiv.o
        98          0          0          0          0         92   uldiv.o
        48          0          0          0          0         68   cdrcmple.o
        56          0          0          0          0         88   d2f.o
       334          0          0          0          0        148   dadd.o
       222          0          0          0          0        100   ddiv.o
       186          0          0          0          0        176   depilogue.o
        48          0          0          0          0         68   dfixul.o
       228          0          0          0          0         96   dmul.o
        38          0          0          0          0         68   f2d.o
       176          0          0          0          0        140   fadd.o
       110          0          0          0          0        168   fepilogue.o
        18          0          0          0          0         68   fflti.o

    ----------------------------------------------------------------------
      4024        106          0          4          0       2076   Library Totals
         8          0          0          0          0          0   (incl. Padding)

    ----------------------------------------------------------------------

      Code (inc. data)   RO Data    RW Data    ZI Data      Debug   Library Name

      2552        106          0          4          0        888   mc_w.l
      1464          0          0          0          0       1188   mf_w.l

    ----------------------------------------------------------------------
      4024        106          0          4          0       2076   Library Totals

    ----------------------------------------------------------------------

==============================================================================


      Code (inc. data)   RO Data    RW Data    ZI Data      Debug   

     12472       1114        592        136       6904     358716   Grand Totals
     12472       1114        592        136       6904     358716   ELF Image Totals
     12472       1114        592        136          0          0   ROM Totals

==============================================================================

    Total RO  Size (Code + RO Data)                13064 (  12.76kB)
    Total RW  Size (RW Data + ZI Data)              7040 (   6.88kB)
    Total ROM Size (Code + RO Data + RW Data)      13200 (  12.89kB)

==============================================================================

